Archive member included to satisfy reference by file (symbol)

C:/ST/STM32CubeIDE_1.13.2/STM32CubeIDE/plugins/com.st.stm32cube.ide.mcu.externaltools.gnu-tools-for-stm32.11.3.rel1.win32_1.1.100.202309141235/tools/bin/../lib/gcc/arm-none-eabi/11.3.1/../../../../arm-none-eabi/lib/thumb/v7-m/nofp\libc_nano.a(libc_a-exit.o)
                              C:/ST/STM32CubeIDE_1.13.2/STM32CubeIDE/plugins/com.st.stm32cube.ide.mcu.externaltools.gnu-tools-for-stm32.11.3.rel1.win32_1.1.100.202309141235/tools/bin/../lib/gcc/arm-none-eabi/11.3.1/../../../../arm-none-eabi/lib/thumb/v7-m/nofp/crt0.o (exit)
C:/ST/STM32CubeIDE_1.13.2/STM32CubeIDE/plugins/com.st.stm32cube.ide.mcu.externaltools.gnu-tools-for-stm32.11.3.rel1.win32_1.1.100.202309141235/tools/bin/../lib/gcc/arm-none-eabi/11.3.1/../../../../arm-none-eabi/lib/thumb/v7-m/nofp\libc_nano.a(libc_a-findfp.o)
                              ./Middlewares/Third_Party/FreeRTOS/Source/tasks.o (__sf)
C:/ST/STM32CubeIDE_1.13.2/STM32CubeIDE/plugins/com.st.stm32cube.ide.mcu.externaltools.gnu-tools-for-stm32.11.3.rel1.win32_1.1.100.202309141235/tools/bin/../lib/gcc/arm-none-eabi/11.3.1/../../../../arm-none-eabi/lib/thumb/v7-m/nofp\libc_nano.a(libc_a-fwalk.o)
                              C:/ST/STM32CubeIDE_1.13.2/STM32CubeIDE/plugins/com.st.stm32cube.ide.mcu.externaltools.gnu-tools-for-stm32.11.3.rel1.win32_1.1.100.202309141235/tools/bin/../lib/gcc/arm-none-eabi/11.3.1/../../../../arm-none-eabi/lib/thumb/v7-m/nofp\libc_nano.a(libc_a-findfp.o) (_fwalk_sglue)
C:/ST/STM32CubeIDE_1.13.2/STM32CubeIDE/plugins/com.st.stm32cube.ide.mcu.externaltools.gnu-tools-for-stm32.11.3.rel1.win32_1.1.100.202309141235/tools/bin/../lib/gcc/arm-none-eabi/11.3.1/../../../../arm-none-eabi/lib/thumb/v7-m/nofp\libc_nano.a(libc_a-stdio.o)
                              C:/ST/STM32CubeIDE_1.13.2/STM32CubeIDE/plugins/com.st.stm32cube.ide.mcu.externaltools.gnu-tools-for-stm32.11.3.rel1.win32_1.1.100.202309141235/tools/bin/../lib/gcc/arm-none-eabi/11.3.1/../../../../arm-none-eabi/lib/thumb/v7-m/nofp\libc_nano.a(libc_a-findfp.o) (__sread)
C:/ST/STM32CubeIDE_1.13.2/STM32CubeIDE/plugins/com.st.stm32cube.ide.mcu.externaltools.gnu-tools-for-stm32.11.3.rel1.win32_1.1.100.202309141235/tools/bin/../lib/gcc/arm-none-eabi/11.3.1/../../../../arm-none-eabi/lib/thumb/v7-m/nofp\libc_nano.a(libc_a-memset.o)
                              C:/ST/STM32CubeIDE_1.13.2/STM32CubeIDE/plugins/com.st.stm32cube.ide.mcu.externaltools.gnu-tools-for-stm32.11.3.rel1.win32_1.1.100.202309141235/tools/bin/../lib/gcc/arm-none-eabi/11.3.1/../../../../arm-none-eabi/lib/thumb/v7-m/nofp/crt0.o (memset)
C:/ST/STM32CubeIDE_1.13.2/STM32CubeIDE/plugins/com.st.stm32cube.ide.mcu.externaltools.gnu-tools-for-stm32.11.3.rel1.win32_1.1.100.202309141235/tools/bin/../lib/gcc/arm-none-eabi/11.3.1/../../../../arm-none-eabi/lib/thumb/v7-m/nofp\libc_nano.a(libc_a-closer.o)
                              C:/ST/STM32CubeIDE_1.13.2/STM32CubeIDE/plugins/com.st.stm32cube.ide.mcu.externaltools.gnu-tools-for-stm32.11.3.rel1.win32_1.1.100.202309141235/tools/bin/../lib/gcc/arm-none-eabi/11.3.1/../../../../arm-none-eabi/lib/thumb/v7-m/nofp\libc_nano.a(libc_a-stdio.o) (_close_r)
C:/ST/STM32CubeIDE_1.13.2/STM32CubeIDE/plugins/com.st.stm32cube.ide.mcu.externaltools.gnu-tools-for-stm32.11.3.rel1.win32_1.1.100.202309141235/tools/bin/../lib/gcc/arm-none-eabi/11.3.1/../../../../arm-none-eabi/lib/thumb/v7-m/nofp\libc_nano.a(libc_a-reent.o)
                              ./Middlewares/Third_Party/FreeRTOS/Source/tasks.o (_reclaim_reent)
C:/ST/STM32CubeIDE_1.13.2/STM32CubeIDE/plugins/com.st.stm32cube.ide.mcu.externaltools.gnu-tools-for-stm32.11.3.rel1.win32_1.1.100.202309141235/tools/bin/../lib/gcc/arm-none-eabi/11.3.1/../../../../arm-none-eabi/lib/thumb/v7-m/nofp\libc_nano.a(libc_a-impure.o)
                              ./Middlewares/Third_Party/FreeRTOS/Source/tasks.o (_impure_ptr)
C:/ST/STM32CubeIDE_1.13.2/STM32CubeIDE/plugins/com.st.stm32cube.ide.mcu.externaltools.gnu-tools-for-stm32.11.3.rel1.win32_1.1.100.202309141235/tools/bin/../lib/gcc/arm-none-eabi/11.3.1/../../../../arm-none-eabi/lib/thumb/v7-m/nofp\libc_nano.a(libc_a-lseekr.o)
                              C:/ST/STM32CubeIDE_1.13.2/STM32CubeIDE/plugins/com.st.stm32cube.ide.mcu.externaltools.gnu-tools-for-stm32.11.3.rel1.win32_1.1.100.202309141235/tools/bin/../lib/gcc/arm-none-eabi/11.3.1/../../../../arm-none-eabi/lib/thumb/v7-m/nofp\libc_nano.a(libc_a-stdio.o) (_lseek_r)
C:/ST/STM32CubeIDE_1.13.2/STM32CubeIDE/plugins/com.st.stm32cube.ide.mcu.externaltools.gnu-tools-for-stm32.11.3.rel1.win32_1.1.100.202309141235/tools/bin/../lib/gcc/arm-none-eabi/11.3.1/../../../../arm-none-eabi/lib/thumb/v7-m/nofp\libc_nano.a(libc_a-readr.o)
                              C:/ST/STM32CubeIDE_1.13.2/STM32CubeIDE/plugins/com.st.stm32cube.ide.mcu.externaltools.gnu-tools-for-stm32.11.3.rel1.win32_1.1.100.202309141235/tools/bin/../lib/gcc/arm-none-eabi/11.3.1/../../../../arm-none-eabi/lib/thumb/v7-m/nofp\libc_nano.a(libc_a-stdio.o) (_read_r)
[...]
Memory Configuration

Name             Origin             Length             Attributes
RAM              0x0000000020000000 0x0000000000005000 xrw
FLASH            0x0000000008000000 0x0000000000010000 xr
*default*        0x0000000000000000 0xffffffffffffffff

Linker script and memory map

LOAD C:/ST/STM32CubeIDE_1.13.2/STM32CubeIDE/plugins/com.st.stm32cube.ide.mcu.externaltools.gnu-tools-for-stm32.11.3.rel1.win32_1.1.100.202309141235/tools/bin/../lib/gcc/arm-none-eabi/11.3.1/thumb/v7-m/nofp/crti.o
LOAD C:/ST/STM32CubeIDE_1.13.2/STM32CubeIDE/plugins/com.st.stm32cube.ide.mcu.externaltools.gnu-tools-for-stm32.11.3.rel1.win32_1.1.100.202309141235/tools/bin/../lib/gcc/arm-none-eabi/11.3.1/thumb/v7-m/nofp/crtbegin.o
LOAD C:/ST/STM32CubeIDE_1.13.2/STM32CubeIDE/plugins/com.st.stm32cube.ide.mcu.externaltools.gnu-tools-for-stm32.11.3.rel1.win32_1.1.100.202309141235/tools/bin/../lib/gcc/arm-none-eabi/11.3.1/../../../../arm-none-eabi/lib/thumb/v7-m/nofp/crt0.o
LOAD ./Core/Src/Driving.o
LOAD ./Core/Src/Motor.o
LOAD ./Core/Src/Park.o
LOAD ./Core/Src/Search.o
LOAD ./Core/Src/SharedVar.o
LOAD ./Core/Src/Uart.o
LOAD ./Core/Src/Ultra_Sonic.o
LOAD ./Core/Src/freertos.o
LOAD ./Core/Src/main.o
LOAD ./Core/Src/stm32f1xx_hal_msp.o
LOAD ./Core/Src/stm32f1xx_it.o
LOAD ./Core/Src/syscalls.o
LOAD ./Core/Src/sysmem.o
LOAD ./Core/Src/system_stm32f1xx.o
LOAD ./Core/Startup/startup_stm32f103c8tx.o
LOAD ./Drivers/STM32F1xx_HAL_Driver/Src/stm32f1xx_hal.o
LOAD ./Drivers/STM32F1xx_HAL_Driver/Src/stm32f1xx_hal_cortex.o
LOAD ./Drivers/STM32F1xx_HAL_Driver/Src/stm32f1xx_hal_dma.o
LOAD ./Drivers/STM32F1xx_HAL_Driver/Src/stm32f1xx_hal_exti.o
LOAD ./Drivers/STM32F1xx_HAL_Driver/Src/stm32f1xx_hal_flash.o
LOAD ./Drivers/STM32F1xx_HAL_Driver/Src/stm32f1xx_hal_flash_ex.o
LOAD ./Drivers/STM32F1xx_HAL_Driver/Src/stm32f1xx_hal_gpio.o
LOAD ./Drivers/STM32F1xx_HAL_Driver/Src/stm32f1xx_hal_gpio_ex.o
LOAD ./Drivers/STM32F1xx_HAL_Driver/Src/stm32f1xx_hal_pwr.o
LOAD ./Drivers/STM32F1xx_HAL_Driver/Src/stm32f1xx_hal_rcc.o
LOAD ./Drivers/STM32F1xx_HAL_Driver/Src/stm32f1xx_hal_rcc_ex.o
LOAD ./Drivers/STM32F1xx_HAL_Driver/Src/stm32f1xx_hal_tim.o
LOAD ./Drivers/STM32F1xx_HAL_Driver/Src/stm32f1xx_hal_tim_ex.o
LOAD ./Drivers/STM32F1xx_HAL_Driver/Src/stm32f1xx_hal_uart.o
LOAD ./Middlewares/Third_Party/FreeRTOS/Source/CMSIS_RTOS_V2/cmsis_os2.o
LOAD ./Middlewares/Third_Party/FreeRTOS/Source/croutine.o
LOAD ./Middlewares/Third_Party/FreeRTOS/Source/event_groups.o
LOAD ./Middlewares/Third_Party/FreeRTOS/Source/list.o
LOAD ./Middlewares/Third_Party/FreeRTOS/Source/queue.o
LOAD ./Middlewares/Third_Party/FreeRTOS/Source/stream_buffer.o
LOAD ./Middlewares/Third_Party/FreeRTOS/Source/tasks.o
LOAD ./Middlewares/Third_Party/FreeRTOS/Source/timers.o
LOAD ./Middlewares/Third_Party/FreeRTOS/Source/portable/GCC/ARM_CM3/port.o
LOAD ./Middlewares/Third_Party/FreeRTOS/Source/portable/MemMang/heap_4.o
START GROUP
LOAD C:/ST/STM32CubeIDE_1.13.2/STM32CubeIDE/plugins/com.st.stm32cube.ide.mcu.externaltools.gnu-tools-for-stm32.11.3.rel1.win32_1.1.100.202309141235/tools/bin/../lib/gcc/arm-none-eabi/11.3.1/../../../../arm-none-eabi/lib/thumb/v7-m/nofp\libc_nano.a
LOAD C:/ST/STM32CubeIDE_1.13.2/STM32CubeIDE/plugins/com.st.stm32cube.ide.mcu.externaltools.gnu-tools-for-stm32.11.3.rel1.win32_1.1.100.202309141235/tools/bin/../lib/gcc/arm-none-eabi/11.3.1/../../../../arm-none-eabi/lib/thumb/v7-m/nofp\libm.a
END GROUP
START GROUP
LOAD C:/ST/STM32CubeIDE_1.13.2/STM32CubeIDE/plugins/com.st.stm32cube.ide.mcu.externaltools.gnu-tools-for-stm32.11.3.rel1.win32_1.1.100.202309141235/tools/bin/../lib/gcc/arm-none-eabi/11.3.1/thumb/v7-m/nofp\libgcc.a
LOAD C:/ST/STM32CubeIDE_1.13.2/STM32CubeIDE/plugins/com.st.stm32cube.ide.mcu.externaltools.gnu-tools-for-stm32.11.3.rel1.win32_1.1.100.202309141235/tools/bin/../lib/gcc/arm-none-eabi/11.3.1/../../../../arm-none-eabi/lib/thumb/v7-m/nofp\libc_nano.a
END GROUP
START GROUP
LOAD C:/ST/STM32CubeIDE_1.13.2/STM32CubeIDE/plugins/com.st.stm32cube.ide.mcu.externaltools.gnu-tools-for-stm32.11.3.rel1.win32_1.1.100.202309141235/tools/bin/../lib/gcc/arm-none-eabi/11.3.1/thumb/v7-m/nofp\libgcc.a
LOAD C:/ST/STM32CubeIDE_1.13.2/STM32CubeIDE/plugins/com.st.stm32cube.ide.mcu.externaltools.gnu-tools-for-stm32.11.3.rel1.win32_1.1.100.202309141235/tools/bin/../lib/gcc/arm-none-eabi/11.3.1/../../../../arm-none-eabi/lib/thumb/v7-m/nofp\libc_nano.a
LOAD C:/ST/STM32CubeIDE_1.13.2/STM32CubeIDE/plugins/com.st.stm32cube.ide.mcu.externaltools.gnu-tools-for-stm32.11.3.rel1.win32_1.1.100.202309141235/tools/bin/../lib/gcc/arm-none-eabi/11.3.1/../../../../arm-none-eabi/lib/thumb/v7-m/nofp\libnosys.a
END GROUP
START GROUP
LOAD C:/ST/STM32CubeIDE_1.13.2/STM32CubeIDE/plugins/com.st.stm32cube.ide.mcu.externaltools.gnu-tools-for-stm32.11.3.rel1.win32_1.1.100.202309141235/tools/bin/../lib/gcc/arm-none-eabi/11.3.1/thumb/v7-m/nofp\libgcc.a
LOAD C:/ST/STM32CubeIDE_1.13.2/STM32CubeIDE/plugins/com.st.stm32cube.ide.mcu.externaltools.gnu-tools-for-stm32.11.3.rel1.win32_1.1.100.202309141235/tools/bin/../lib/gcc/arm-none-eabi/11.3.1/../../../../arm-none-eabi/lib/thumb/v7-m/nofp\libc_nano.a
LOAD C:/ST/STM32CubeIDE_1.13.2/STM32CubeIDE/plugins/com.st.stm32cube.ide.mcu.externaltools.gnu-tools-for-stm32.11.3.rel1.win32_1.1.100.202309141235/tools/bin/../lib/gcc/arm-none-eabi/11.3.1/../../../../arm-none-eabi/lib/thumb/v7-m/nofp\libnosys.a
END GROUP
LOAD C:/ST/STM32CubeIDE_1.13.2/STM32CubeIDE/plugins/com.st.stm32cube.ide.mcu.externaltools.gnu-tools-for-stm32.11.3.rel1.win32_1.1.100.202309141235/tools/bin/../lib/gcc/arm-none-eabi/11.3.1/thumb/v7-m/nofp/crtend.o
LOAD C:/ST/STM32CubeIDE_1.13.2/STM32CubeIDE/plugins/com.st.stm32cube.ide.mcu.externaltools.gnu-tools-for-stm32.11.3.rel1.win32_1.1.100.202309141235/tools/bin/../lib/gcc/arm-none-eabi/11.3.1/thumb/v7-m/nofp/crtn.o
                0x0000000020005000                _estack = (ORIGIN (RAM) + LENGTH (RAM))
                0x0000000000000200                _Min_Heap_Size = 0x200
                0x0000000000000400                _Min_Stack_Size = 0x400

.isr_vector     0x0000000008000000      0x10c
                0x0000000008000000                . = ALIGN (0x4)
 *(.isr_vector)
 .isr_vector    0x0000000008000000      0x10c ./Core/Startup/startup_stm32f103c8tx.o
                0x0000000008000000                g_pfnVectors
                0x000000000800010c                . = ALIGN (0x4)

.text           0x0000000008000110     0x85c0
                0x0000000008000110                . = ALIGN (0x4)
 *(.text)
 .text          0x0000000008000110       0x40 C:/ST/STM32CubeIDE_1.13.2/STM32CubeIDE/plugins/com.st.stm32cube.ide.mcu.externaltools.gnu-tools-for-stm32.11.3.rel1.win32_1.1.100.202309141235/tools/bin/../lib/gcc/arm-none-eabi/11.3.1/thumb/v7-m/nofp/crtbegin.o
 *(.text*)
 .text.Driving_Init
                0x0000000008000150        0xc ./Core/Src/Driving.o
                0x0000000008000150                Driving_Init
 .text.update_speed
                0x000000000800015c       0x40 ./Core/Src/Driving.o
 .text.Driving_Runnable
                0x000000000800019c      0x374 ./Core/Src/Driving.o
                0x000000000800019c                Driving_Runnable
 .text.Obstacle_Avoidance
                0x0000000008000510       0xf4 ./Core/Src/Driving.o
                0x0000000008000510                Obstacle_Avoidance
 .text.Motor_Init_Timer
                0x0000000008000604       0x20 ./Core/Src/Motor.o
                0x0000000008000604                Motor_Init_Timer
 .text.Motor1_Stop
                0x0000000008000624       0x2c ./Core/Src/Motor.o
                0x0000000008000624                Motor1_Stop
 .text.Motor2_Stop
                0x0000000008000650       0x34 ./Core/Src/Motor.o
                0x0000000008000650                Motor2_Stop
 .text.Motor_Forward
                0x0000000008000684       0x3c ./Core/Src/Motor.o
                0x0000000008000684                Motor_Forward
 .text.Motor_Backward
                0x00000000080006c0       0x3c ./Core/Src/Motor.o
                0x00000000080006c0                Motor_Backward
 .text.Motor_Right
                0x00000000080006fc       0x34 ./Core/Src/Motor.o
                0x00000000080006fc                Motor_Right
 .text.Motor_Left
                0x0000000008000730       0x34 ./Core/Src/Motor.o
                0x0000000008000730                Motor_Left
 .text.FirstStep_Parking
                0x0000000008000764       0x34 ./Core/Src/Park.o
 .text.FirstStep_ParkingRight
                0x0000000008000798       0x5c ./Core/Src/Park.o
 .text.FirstStep_ParkingLeft
                0x00000000080007f4       0x5c ./Core/Src/Park.o
 .text.SecondStep_ParkingRight
                0x0000000008000850       0x5c ./Core/Src/Park.o
 .text.SecondStep_ParkingLeft
                0x00000000080008ac       0x5c ./Core/Src/Park.o
 .text.ThirdStep_ParkingRight
                0x0000000008000908       0x80 ./Core/Src/Park.o
 .text.ThirdStep_ParkingLeft
                0x0000000008000988       0x80 ./Core/Src/Park.o
 .text.FourthStep_ParkingRight
                0x0000000008000a08       0x88 ./Core/Src/Park.o
 .text.FourthStep_ParkingLeft
                0x0000000008000a90       0x88 ./Core/Src/Park.o
 .text.FifthStep_ParkingRight
                0x0000000008000b18       0x74 ./Core/Src/Park.o
 .text.FifthStep_ParkingLeft
                0x0000000008000b8c       0x74 ./Core/Src/Park.o
 .text.Park_Runnable
                0x0000000008000c00      0x100 ./Core/Src/Park.o
                0x0000000008000c00                Park_Runnable
 .text.SearchRight_Runnable
                0x0000000008000d00       0x8c ./Core/Src/Search.o
 .text.SearchLeft_Runnable
                0x0000000008000d8c       0x8c ./Core/Src/Search.o
 .text.Search_Runnable
                0x0000000008000e18       0x68 ./Core/Src/Search.o
                0x0000000008000e18                Search_Runnable
 .text.SharedVar_Init
                0x0000000008000e80       0x18 ./Core/Src/SharedVar.o
                0x0000000008000e80                SharedVar_Init
 .text.ultrasonics_arr_Getter
                0x0000000008000e98       0x20 ./Core/Src/SharedVar.o
                0x0000000008000e98                ultrasonics_arr_Getter
 .text.ultrasonics_Flagarr_Getter
                0x0000000008000eb8       0x20 ./Core/Src/SharedVar.o
                0x0000000008000eb8                ultrasonics_Flagarr_Getter
 .text.mode_Setter
                0x0000000008000ed8       0x20 ./Core/Src/SharedVar.o
                0x0000000008000ed8                mode_Setter
 .text.mode_Getter
                0x0000000008000ef8       0x14 ./Core/Src/SharedVar.o
                0x0000000008000ef8                mode_Getter
 .text.Obstacle_mode_Setter
                0x0000000008000f0c       0x20 ./Core/Src/SharedVar.o
                0x0000000008000f0c                Obstacle_mode_Setter
 .text.Obstacle_mode_Getter
                0x0000000008000f2c       0x14 ./Core/Src/SharedVar.o
                0x0000000008000f2c                Obstacle_mode_Getter
 .text.Init_Uart
                0x0000000008000f40       0x38 ./Core/Src/Uart.o
                0x0000000008000f40                Init_Uart
 .text.Get_Bluetooth_Command
                0x0000000008000f78       0x54 ./Core/Src/Uart.o
                0x0000000008000f78                Get_Bluetooth_Command
 .text.Ultra_sonic_INT
                0x0000000008000fcc      0x134 ./Core/Src/Ultra_Sonic.o
                0x0000000008000fcc                Ultra_sonic_INT
 .text.Trigger_pin
                0x0000000008001100       0x5c ./Core/Src/Ultra_Sonic.o
 .text.set_flag_arr
                0x000000000800115c       0x4c ./Core/Src/Ultra_Sonic.o
 .text.Ultrasonic_RightSideSearch
                0x00000000080011a8       0x18 ./Core/Src/Ultra_Sonic.o
                0x00000000080011a8                Ultrasonic_RightSideSearch
 .text.Ultrasonic_RightSidePark
                0x00000000080011c0       0x18 ./Core/Src/Ultra_Sonic.o
                0x00000000080011c0                Ultrasonic_RightSidePark
 .text.Ultrasonic_LeftSideSearch
                0x00000000080011d8       0x18 ./Core/Src/Ultra_Sonic.o
                0x00000000080011d8                Ultrasonic_LeftSideSearch
 .text.Ultrasonic_LeftSidePark
                0x00000000080011f0       0x18 ./Core/Src/Ultra_Sonic.o
                0x00000000080011f0                Ultrasonic_LeftSidePark
 .text.stop_reading
                0x0000000008001208       0x18 ./Core/Src/Ultra_Sonic.o
                0x0000000008001208                stop_reading
 .text.HAL_TIM_PeriodElapsedCallback
                0x0000000008001220      0x110 ./Core/Src/Ultra_Sonic.o
                0x0000000008001220                HAL_TIM_PeriodElapsedCallback
 .text.HAL_TIM_IC_CaptureCallback
                0x0000000008001330      0x130 ./Core/Src/Ultra_Sonic.o
                0x0000000008001330                HAL_TIM_IC_CaptureCallback
 .text.cal_reading
                0x0000000008001460       0x58 ./Core/Src/Ultra_Sonic.o
 .text.Update_Sensor_Reading
                0x00000000080014b8      0x1f0 ./Core/Src/Ultra_Sonic.o
 .text.Enable_Timer
                0x00000000080016a8       0x24 ./Core/Src/Ultra_Sonic.o
                0x00000000080016a8                Enable_Timer
 .text.Disable_Timer
                0x00000000080016cc       0x18 ./Core/Src/Ultra_Sonic.o
                0x00000000080016cc                Disable_Timer
 .text.Get_time
                0x00000000080016e4       0x30 ./Core/Src/Ultra_Sonic.o
                0x00000000080016e4                Get_time
 .text.main     0x0000000008001714       0xa0 ./Core/Src/main.o
                0x0000000008001714                main
 .text.SystemClock_Config
                0x00000000080017b4       0x82 ./Core/Src/main.o
                0x00000000080017b4                SystemClock_Config
 *fill*         0x0000000008001836        0x2 
 .text.MX_TIM1_Init
                0x0000000008001838       0xa0 ./Core/Src/main.o
 .text.MX_TIM2_Init
                0x00000000080018d8      0x120 ./Core/Src/main.o
 .text.MX_TIM3_Init
                0x00000000080019f8       0xf8 ./Core/Src/main.o
 .text.MX_TIM4_Init
                0x0000000008001af0       0xec ./Core/Src/main.o
 .text.MX_USART2_UART_Init
                0x0000000008001bdc       0x54 ./Core/Src/main.o
 .text.MX_GPIO_Init
                0x0000000008001c30       0xac ./Core/Src/main.o
 .text.HAL_UART_RxCpltCallback
                0x0000000008001cdc       0xb0 ./Core/Src/main.o
                0x0000000008001cdc                HAL_UART_RxCpltCallback
 .text.Start_Driving_Task_Int
                0x0000000008001d8c       0x4c ./Core/Src/main.o
                0x0000000008001d8c                Start_Driving_Task_Int
 .text.Start_Searching_Task_Int
                0x0000000008001dd8       0x74 ./Core/Src/main.o
                0x0000000008001dd8                Start_Searching_Task_Int
 .text.Start_Parking_Task_Int
                0x0000000008001e4c       0x50 ./Core/Src/main.o
                0x0000000008001e4c                Start_Parking_Task_Int
 .text.Error_Handler
                0x0000000008001e9c        0xa ./Core/Src/main.o
                0x0000000008001e9c                Error_Handler
 *fill*         0x0000000008001ea6        0x2 
 .text.HAL_MspInit
                0x0000000008001ea8       0x70 ./Core/Src/stm32f1xx_hal_msp.o
                0x0000000008001ea8                HAL_MspInit
 .text.HAL_TIM_Base_MspInit
                0x0000000008001f18      0x1b0 ./Core/Src/stm32f1xx_hal_msp.o
                0x0000000008001f18                HAL_TIM_Base_MspInit
 .text.HAL_TIM_MspPostInit
                0x00000000080020c8       0x68 ./Core/Src/stm32f1xx_hal_msp.o
                0x00000000080020c8                HAL_TIM_MspPostInit
 .text.HAL_UART_MspInit
                0x0000000008002130       0xa4 ./Core/Src/stm32f1xx_hal_msp.o
                0x0000000008002130                HAL_UART_MspInit
 .text.NMI_Handler
                0x00000000080021d4        0x6 ./Core/Src/stm32f1xx_it.o
                0x00000000080021d4                NMI_Handler
 .text.HardFault_Handler
                0x00000000080021da        0x6 ./Core/Src/stm32f1xx_it.o
                0x00000000080021da                HardFault_Handler
 .text.MemManage_Handler
                0x00000000080021e0        0x6 ./Core/Src/stm32f1xx_it.o
                0x00000000080021e0                MemManage_Handler
 .text.BusFault_Handler
                0x00000000080021e6        0x6 ./Core/Src/stm32f1xx_it.o
                0x00000000080021e6                BusFault_Handler
 .text.UsageFault_Handler
                0x00000000080021ec        0x6 ./Core/Src/stm32f1xx_it.o
                0x00000000080021ec                UsageFault_Handler
 .text.DebugMon_Handler
                0x00000000080021f2        0xc ./Core/Src/stm32f1xx_it.o
                0x00000000080021f2                DebugMon_Handler
 .text.SysTick_Handler
                0x00000000080021fe       0x1a ./Core/Src/stm32f1xx_it.o
                0x00000000080021fe                SysTick_Handler
 .text.TIM1_UP_IRQHandler
                0x0000000008002218       0x14 ./Core/Src/stm32f1xx_it.o
                0x0000000008002218                TIM1_UP_IRQHandler
 .text.TIM2_IRQHandler
                0x000000000800222c       0x14 ./Core/Src/stm32f1xx_it.o
                0x000000000800222c                TIM2_IRQHandler
 .text.TIM3_IRQHandler
                0x0000000008002240       0x14 ./Core/Src/stm32f1xx_it.o
                0x0000000008002240                TIM3_IRQHandler
 .text.USART2_IRQHandler
                0x0000000008002254       0x14 ./Core/Src/stm32f1xx_it.o
                0x0000000008002254                USART2_IRQHandler
 .text.SystemInit
                0x0000000008002268        0xc ./Core/Src/system_stm32f1xx.o
                0x0000000008002268                SystemInit
 .text.Reset_Handler
                0x0000000008002274       0x48 ./Core/Startup/startup_stm32f103c8tx.o
                0x0000000008002274                Reset_Handler
 .text.Default_Handler
                0x00000000080022bc        0x2 ./Core/Startup/startup_stm32f103c8tx.o
                0x00000000080022bc                RTC_Alarm_IRQHandler
                0x00000000080022bc                EXTI2_IRQHandler
                0x00000000080022bc                TIM1_CC_IRQHandler
                0x00000000080022bc                PVD_IRQHandler
                0x00000000080022bc                EXTI3_IRQHandler
                0x00000000080022bc                EXTI0_IRQHandler
                0x00000000080022bc                I2C2_EV_IRQHandler
                0x00000000080022bc                ADC1_2_IRQHandler
                0x00000000080022bc                SPI1_IRQHandler
                0x00000000080022bc                TAMPER_IRQHandler
                0x00000000080022bc                DMA1_Channel4_IRQHandler
                0x00000000080022bc                USART3_IRQHandler
                0x00000000080022bc                RTC_IRQHandler
                0x00000000080022bc                DMA1_Channel7_IRQHandler
                0x00000000080022bc                CAN1_RX1_IRQHandler
                0x00000000080022bc                TIM4_IRQHandler
                0x00000000080022bc                I2C1_EV_IRQHandler
                0x00000000080022bc                DMA1_Channel6_IRQHandler
                0x00000000080022bc                RCC_IRQHandler
                0x00000000080022bc                TIM1_TRG_COM_IRQHandler
                0x00000000080022bc                DMA1_Channel1_IRQHandler
                0x00000000080022bc                Default_Handler
                0x00000000080022bc                EXTI15_10_IRQHandler
                0x00000000080022bc                EXTI9_5_IRQHandler
                0x00000000080022bc                SPI2_IRQHandler
                0x00000000080022bc                DMA1_Channel5_IRQHandler
                0x00000000080022bc                EXTI4_IRQHandler
                0x00000000080022bc                USB_LP_CAN1_RX0_IRQHandler
                0x00000000080022bc                USB_HP_CAN1_TX_IRQHandler
                0x00000000080022bc                DMA1_Channel3_IRQHandler
                0x00000000080022bc                WWDG_IRQHandler
                0x00000000080022bc                TIM1_BRK_IRQHandler
                0x00000000080022bc                EXTI1_IRQHandler
                0x00000000080022bc                I2C2_ER_IRQHandler
                0x00000000080022bc                DMA1_Channel2_IRQHandler
                0x00000000080022bc                CAN1_SCE_IRQHandler
                0x00000000080022bc                FLASH_IRQHandler
                0x00000000080022bc                USART1_IRQHandler
                0x00000000080022bc                I2C1_ER_IRQHandler
                0x00000000080022bc                USBWakeUp_IRQHandler
 *fill*         0x00000000080022be        0x2 
 .text.HAL_Init
                0x00000000080022c0       0x2c ./Drivers/STM32F1xx_HAL_Driver/Src/stm32f1xx_hal.o
                0x00000000080022c0                HAL_Init
 .text.HAL_InitTick
                0x00000000080022ec       0x60 ./Drivers/STM32F1xx_HAL_Driver/Src/stm32f1xx_hal.o
                0x00000000080022ec                HAL_InitTick
 .text.HAL_IncTick
                0x000000000800234c       0x24 ./Drivers/STM32F1xx_HAL_Driver/Src/stm32f1xx_hal.o
                0x000000000800234c                HAL_IncTick
 .text.HAL_GetTick
                0x0000000008002370       0x14 ./Drivers/STM32F1xx_HAL_Driver/Src/stm32f1xx_hal.o
                0x0000000008002370                HAL_GetTick
 .text.HAL_Delay
                0x0000000008002384       0x48 ./Drivers/STM32F1xx_HAL_Driver/Src/stm32f1xx_hal.o
                0x0000000008002384                HAL_Delay
 .text.__NVIC_SetPriorityGrouping
                0x00000000080023cc       0x48 ./Drivers/STM32F1xx_HAL_Driver/Src/stm32f1xx_hal_cortex.o
 .text.__NVIC_GetPriorityGrouping
                0x0000000008002414       0x1c ./Drivers/STM32F1xx_HAL_Driver/Src/stm32f1xx_hal_cortex.o
 .text.__NVIC_EnableIRQ
                0x0000000008002430       0x38 ./Drivers/STM32F1xx_HAL_Driver/Src/stm32f1xx_hal_cortex.o
 .text.__NVIC_SetPriority
                0x0000000008002468       0x54 ./Drivers/STM32F1xx_HAL_Driver/Src/stm32f1xx_hal_cortex.o
 .text.NVIC_EncodePriority
                0x00000000080024bc       0x64 ./Drivers/STM32F1xx_HAL_Driver/Src/stm32f1xx_hal_cortex.o
 .text.SysTick_Config
                0x0000000008002520       0x44 ./Drivers/STM32F1xx_HAL_Driver/Src/stm32f1xx_hal_cortex.o
 .text.HAL_NVIC_SetPriorityGrouping
                0x0000000008002564       0x16 ./Drivers/STM32F1xx_HAL_Driver/Src/stm32f1xx_hal_cortex.o
                0x0000000008002564                HAL_NVIC_SetPriorityGrouping
 .text.HAL_NVIC_SetPriority
                0x000000000800257a       0x38 ./Drivers/STM32F1xx_HAL_Driver/Src/stm32f1xx_hal_cortex.o
                0x000000000800257a                HAL_NVIC_SetPriority
 .text.HAL_NVIC_EnableIRQ
                0x00000000080025b2       0x1c ./Drivers/STM32F1xx_HAL_Driver/Src/stm32f1xx_hal_cortex.o
                0x00000000080025b2                HAL_NVIC_EnableIRQ
 .text.HAL_SYSTICK_Config
                0x00000000080025ce       0x18 ./Drivers/STM32F1xx_HAL_Driver/Src/stm32f1xx_hal_cortex.o
                0x00000000080025ce                HAL_SYSTICK_Config
 .text.HAL_DMA_Abort
                0x00000000080025e6       0x76 ./Drivers/STM32F1xx_HAL_Driver/Src/stm32f1xx_hal_dma.o
                0x00000000080025e6                HAL_DMA_Abort
 .text.HAL_DMA_Abort_IT
                0x000000000800265c       0xf0 ./Drivers/STM32F1xx_HAL_Driver/Src/stm32f1xx_hal_dma.o
                0x000000000800265c                HAL_DMA_Abort_IT
 .text.HAL_GPIO_Init
                0x000000000800274c      0x308 ./Drivers/STM32F1xx_HAL_Driver/Src/stm32f1xx_hal_gpio.o
                0x000000000800274c                HAL_GPIO_Init
 .text.HAL_GPIO_WritePin
                0x0000000008002a54       0x30 ./Drivers/STM32F1xx_HAL_Driver/Src/stm32f1xx_hal_gpio.o
                0x0000000008002a54                HAL_GPIO_WritePin
 .text.HAL_RCC_OscConfig
                0x0000000008002a84      0x504 ./Drivers/STM32F1xx_HAL_Driver/Src/stm32f1xx_hal_rcc.o
                0x0000000008002a84                HAL_RCC_OscConfig
 .text.HAL_RCC_ClockConfig
                0x0000000008002f88      0x1d4 ./Drivers/STM32F1xx_HAL_Driver/Src/stm32f1xx_hal_rcc.o
                0x0000000008002f88                HAL_RCC_ClockConfig
 .text.HAL_RCC_GetSysClockFreq
                0x000000000800315c       0xa8 ./Drivers/STM32F1xx_HAL_Driver/Src/stm32f1xx_hal_rcc.o
                0x000000000800315c                HAL_RCC_GetSysClockFreq
 .text.HAL_RCC_GetHCLKFreq
                0x0000000008003204       0x14 ./Drivers/STM32F1xx_HAL_Driver/Src/stm32f1xx_hal_rcc.o
                0x0000000008003204                HAL_RCC_GetHCLKFreq
 .text.HAL_RCC_GetPCLK1Freq
                0x0000000008003218       0x28 ./Drivers/STM32F1xx_HAL_Driver/Src/stm32f1xx_hal_rcc.o
                0x0000000008003218                HAL_RCC_GetPCLK1Freq
 .text.HAL_RCC_GetPCLK2Freq
                0x0000000008003240       0x28 ./Drivers/STM32F1xx_HAL_Driver/Src/stm32f1xx_hal_rcc.o
                0x0000000008003240                HAL_RCC_GetPCLK2Freq
 .text.RCC_Delay
                0x0000000008003268       0x3c ./Drivers/STM32F1xx_HAL_Driver/Src/stm32f1xx_hal_rcc.o
 .text.HAL_TIM_Base_Init
                0x00000000080032a4       0x9e ./Drivers/STM32F1xx_HAL_Driver/Src/stm32f1xx_hal_tim.o
                0x00000000080032a4                HAL_TIM_Base_Init
 *fill*         0x0000000008003342        0x2 
 .text.HAL_TIM_Base_Start
                0x0000000008003344       0x94 ./Drivers/STM32F1xx_HAL_Driver/Src/stm32f1xx_hal_tim.o
                0x0000000008003344                HAL_TIM_Base_Start
 .text.HAL_TIM_Base_Start_IT
                0x00000000080033d8       0xa4 ./Drivers/STM32F1xx_HAL_Driver/Src/stm32f1xx_hal_tim.o
                0x00000000080033d8                HAL_TIM_Base_Start_IT
 .text.HAL_TIM_PWM_Init
                0x000000000800347c       0x9e ./Drivers/STM32F1xx_HAL_Driver/Src/stm32f1xx_hal_tim.o
                0x000000000800347c                HAL_TIM_PWM_Init
 .text.HAL_TIM_PWM_MspInit
                0x000000000800351a       0x12 ./Drivers/STM32F1xx_HAL_Driver/Src/stm32f1xx_hal_tim.o
                0x000000000800351a                HAL_TIM_PWM_MspInit
 .text.HAL_TIM_PWM_Start
                0x000000000800352c      0x144 ./Drivers/STM32F1xx_HAL_Driver/Src/stm32f1xx_hal_tim.o
                0x000000000800352c                HAL_TIM_PWM_Start
 .text.HAL_TIM_IC_Init
                0x0000000008003670       0x9e ./Drivers/STM32F1xx_HAL_Driver/Src/stm32f1xx_hal_tim.o
                0x0000000008003670                HAL_TIM_IC_Init
 .text.HAL_TIM_IC_MspInit
                0x000000000800370e       0x12 ./Drivers/STM32F1xx_HAL_Driver/Src/stm32f1xx_hal_tim.o
                0x000000000800370e                HAL_TIM_IC_MspInit
 .text.HAL_TIM_IC_Start_IT
                0x0000000008003720      0x218 ./Drivers/STM32F1xx_HAL_Driver/Src/stm32f1xx_hal_tim.o
                0x0000000008003720                HAL_TIM_IC_Start_IT
 .text.HAL_TIM_IRQHandler
                0x0000000008003938      0x210 ./Drivers/STM32F1xx_HAL_Driver/Src/stm32f1xx_hal_tim.o
                0x0000000008003938                HAL_TIM_IRQHandler
 .text.HAL_TIM_IC_ConfigChannel
                0x0000000008003b48      0x138 ./Drivers/STM32F1xx_HAL_Driver/Src/stm32f1xx_hal_tim.o
                0x0000000008003b48                HAL_TIM_IC_ConfigChannel
 .text.HAL_TIM_PWM_ConfigChannel
                0x0000000008003c80      0x184 ./Drivers/STM32F1xx_HAL_Driver/Src/stm32f1xx_hal_tim.o
                0x0000000008003c80                HAL_TIM_PWM_ConfigChannel
 .text.HAL_TIM_ConfigClockSource
                0x0000000008003e04      0x18e ./Drivers/STM32F1xx_HAL_Driver/Src/stm32f1xx_hal_tim.o
                0x0000000008003e04                HAL_TIM_ConfigClockSource
 *fill*         0x0000000008003f92        0x2 
 .text.HAL_TIM_ReadCapturedValue
                0x0000000008003f94       0x88 ./Drivers/STM32F1xx_HAL_Driver/Src/stm32f1xx_hal_tim.o
                0x0000000008003f94                HAL_TIM_ReadCapturedValue
 .text.HAL_TIM_OC_DelayElapsedCallback
                0x000000000800401c       0x12 ./Drivers/STM32F1xx_HAL_Driver/Src/stm32f1xx_hal_tim.o
                0x000000000800401c                HAL_TIM_OC_DelayElapsedCallback
 .text.HAL_TIM_PWM_PulseFinishedCallback
                0x000000000800402e       0x12 ./Drivers/STM32F1xx_HAL_Driver/Src/stm32f1xx_hal_tim.o
                0x000000000800402e                HAL_TIM_PWM_PulseFinishedCallback
 .text.HAL_TIM_TriggerCallback
                0x0000000008004040       0x12 ./Drivers/STM32F1xx_HAL_Driver/Src/stm32f1xx_hal_tim.o
                0x0000000008004040                HAL_TIM_TriggerCallback
 *fill*         0x0000000008004052        0x2 
 .text.TIM_Base_SetConfig
                0x0000000008004054       0xc4 ./Drivers/STM32F1xx_HAL_Driver/Src/stm32f1xx_hal_tim.o
                0x0000000008004054                TIM_Base_SetConfig
 .text.TIM_OC1_SetConfig
                0x0000000008004118       0xcc ./Drivers/STM32F1xx_HAL_Driver/Src/stm32f1xx_hal_tim.o
 .text.TIM_OC2_SetConfig
                0x00000000080041e4       0xd4 ./Drivers/STM32F1xx_HAL_Driver/Src/stm32f1xx_hal_tim.o
                0x00000000080041e4                TIM_OC2_SetConfig
 .text.TIM_OC3_SetConfig
                0x00000000080042b8       0xd4 ./Drivers/STM32F1xx_HAL_Driver/Src/stm32f1xx_hal_tim.o
 .text.TIM_OC4_SetConfig
                0x000000000800438c       0x9c ./Drivers/STM32F1xx_HAL_Driver/Src/stm32f1xx_hal_tim.o
 .text.TIM_TI1_SetConfig
                0x0000000008004428       0xb4 ./Drivers/STM32F1xx_HAL_Driver/Src/stm32f1xx_hal_tim.o
                0x0000000008004428                TIM_TI1_SetConfig
 .text.TIM_TI1_ConfigInputStage
                0x00000000080044dc       0x5c ./Drivers/STM32F1xx_HAL_Driver/Src/stm32f1xx_hal_tim.o
 .text.TIM_TI2_SetConfig
                0x0000000008004538       0x78 ./Drivers/STM32F1xx_HAL_Driver/Src/stm32f1xx_hal_tim.o
 .text.TIM_TI2_ConfigInputStage
                0x00000000080045b0       0x5e ./Drivers/STM32F1xx_HAL_Driver/Src/stm32f1xx_hal_tim.o
 .text.TIM_TI3_SetConfig
                0x000000000800460e       0x76 ./Drivers/STM32F1xx_HAL_Driver/Src/stm32f1xx_hal_tim.o
 .text.TIM_TI4_SetConfig
                0x0000000008004684       0x78 ./Drivers/STM32F1xx_HAL_Driver/Src/stm32f1xx_hal_tim.o
 .text.TIM_ITRx_SetConfig
                0x00000000080046fc       0x34 ./Drivers/STM32F1xx_HAL_Driver/Src/stm32f1xx_hal_tim.o
 .text.TIM_ETR_SetConfig
                0x0000000008004730       0x3e ./Drivers/STM32F1xx_HAL_Driver/Src/stm32f1xx_hal_tim.o
                0x0000000008004730                TIM_ETR_SetConfig
 .text.TIM_CCxChannelCmd
                0x000000000800476e       0x48 ./Drivers/STM32F1xx_HAL_Driver/Src/stm32f1xx_hal_tim.o
                0x000000000800476e                TIM_CCxChannelCmd
 *fill*         0x00000000080047b6        0x2 
 .text.HAL_TIMEx_MasterConfigSynchronization
                0x00000000080047b8       0xbc ./Drivers/STM32F1xx_HAL_Driver/Src/stm32f1xx_hal_tim_ex.o
                0x00000000080047b8                HAL_TIMEx_MasterConfigSynchronization
 .text.HAL_TIMEx_CommutCallback
                0x0000000008004874       0x12 ./Drivers/STM32F1xx_HAL_Driver/Src/stm32f1xx_hal_tim_ex.o
                0x0000000008004874                HAL_TIMEx_CommutCallback
 .text.HAL_TIMEx_BreakCallback
                0x0000000008004886       0x12 ./Drivers/STM32F1xx_HAL_Driver/Src/stm32f1xx_hal_tim_ex.o
                0x0000000008004886                HAL_TIMEx_BreakCallback
 .text.HAL_UART_Init
                0x0000000008004898       0xa0 ./Drivers/STM32F1xx_HAL_Driver/Src/stm32f1xx_hal_uart.o
                0x0000000008004898                HAL_UART_Init
 .text.HAL_UART_Receive_IT
                0x0000000008004938       0x4a ./Drivers/STM32F1xx_HAL_Driver/Src/stm32f1xx_hal_uart.o
                0x0000000008004938                HAL_UART_Receive_IT
 *fill*         0x0000000008004982        0x2 
 .text.HAL_UART_IRQHandler
                0x0000000008004984      0x524 ./Drivers/STM32F1xx_HAL_Driver/Src/stm32f1xx_hal_uart.o
                0x0000000008004984                HAL_UART_IRQHandler
 .text.HAL_UART_TxCpltCallback
                0x0000000008004ea8       0x12 ./Drivers/STM32F1xx_HAL_Driver/Src/stm32f1xx_hal_uart.o
                0x0000000008004ea8                HAL_UART_TxCpltCallback
 .text.HAL_UART_ErrorCallback
                0x0000000008004eba       0x12 ./Drivers/STM32F1xx_HAL_Driver/Src/stm32f1xx_hal_uart.o
                0x0000000008004eba                HAL_UART_ErrorCallback
 .text.HAL_UARTEx_RxEventCallback
                0x0000000008004ecc       0x16 ./Drivers/STM32F1xx_HAL_Driver/Src/stm32f1xx_hal_uart.o
                0x0000000008004ecc                HAL_UARTEx_RxEventCallback
 .text.UART_Start_Receive_IT
                0x0000000008004ee2       0x72 ./Drivers/STM32F1xx_HAL_Driver/Src/stm32f1xx_hal_uart.o
                0x0000000008004ee2                UART_Start_Receive_IT
 .text.UART_EndRxTransfer
                0x0000000008004f54       0xc4 ./Drivers/STM32F1xx_HAL_Driver/Src/stm32f1xx_hal_uart.o
 .text.UART_DMAAbortOnError
                0x0000000008005018       0x28 ./Drivers/STM32F1xx_HAL_Driver/Src/stm32f1xx_hal_uart.o
 .text.UART_Transmit_IT
                0x0000000008005040       0x9e ./Drivers/STM32F1xx_HAL_Driver/Src/stm32f1xx_hal_uart.o
 .text.UART_EndTransmit_IT
                0x00000000080050de       0x30 ./Drivers/STM32F1xx_HAL_Driver/Src/stm32f1xx_hal_uart.o
 .text.UART_Receive_IT
                0x000000000800510e      0x17c ./Drivers/STM32F1xx_HAL_Driver/Src/stm32f1xx_hal_uart.o
 *fill*         0x000000000800528a        0x2 
 .text.UART_SetConfig
                0x000000000800528c      0x11c ./Drivers/STM32F1xx_HAL_Driver/Src/stm32f1xx_hal_uart.o
 .text.osKernelInitialize
                0x00000000080053a8       0x64 ./Middlewares/Third_Party/FreeRTOS/Source/CMSIS_RTOS_V2/cmsis_os2.o
                0x00000000080053a8                osKernelInitialize
 .text.osKernelStart
                0x000000000800540c       0x68 ./Middlewares/Third_Party/FreeRTOS/Source/CMSIS_RTOS_V2/cmsis_os2.o
                0x000000000800540c                osKernelStart
 .text.osThreadNew
                0x0000000008005474      0x154 ./Middlewares/Third_Party/FreeRTOS/Source/CMSIS_RTOS_V2/cmsis_os2.o
                0x0000000008005474                osThreadNew
 .text.osEventFlagsSet
                0x00000000080055c8       0xb0 ./Middlewares/Third_Party/FreeRTOS/Source/CMSIS_RTOS_V2/cmsis_os2.o
                0x00000000080055c8                osEventFlagsSet
 .text.osEventFlagsClear
                0x0000000008005678       0x88 ./Middlewares/Third_Party/FreeRTOS/Source/CMSIS_RTOS_V2/cmsis_os2.o
                0x0000000008005678                osEventFlagsClear
 .text.osEventFlagsWait
                0x0000000008005700       0xec ./Middlewares/Third_Party/FreeRTOS/Source/CMSIS_RTOS_V2/cmsis_os2.o
                0x0000000008005700                osEventFlagsWait
 .text.vApplicationGetIdleTaskMemory
                0x00000000080057ec       0x30 ./Middlewares/Third_Party/FreeRTOS/Source/CMSIS_RTOS_V2/cmsis_os2.o
                0x00000000080057ec                vApplicationGetIdleTaskMemory
 .text.vApplicationGetTimerTaskMemory
                0x000000000800581c       0x34 ./Middlewares/Third_Party/FreeRTOS/Source/CMSIS_RTOS_V2/cmsis_os2.o
                0x000000000800581c                vApplicationGetTimerTaskMemory
 .text.xEventGroupWaitBits
                0x0000000008005850      0x19c ./Middlewares/Third_Party/FreeRTOS/Source/event_groups.o
                0x0000000008005850                xEventGroupWaitBits
 .text.xEventGroupClearBits
                0x00000000080059ec       0x70 ./Middlewares/Third_Party/FreeRTOS/Source/event_groups.o
                0x00000000080059ec                xEventGroupClearBits
 .text.xEventGroupClearBitsFromISR
                0x0000000008005a5c       0x28 ./Middlewares/Third_Party/FreeRTOS/Source/event_groups.o
                0x0000000008005a5c                xEventGroupClearBitsFromISR
 .text.xEventGroupGetBitsFromISR
                0x0000000008005a84       0x46 ./Middlewares/Third_Party/FreeRTOS/Source/event_groups.o
                0x0000000008005a84                xEventGroupGetBitsFromISR
 .text.xEventGroupSetBits
                0x0000000008005aca      0x116 ./Middlewares/Third_Party/FreeRTOS/Source/event_groups.o
                0x0000000008005aca                xEventGroupSetBits
 .text.vEventGroupSetBitsCallback
                0x0000000008005be0       0x1a ./Middlewares/Third_Party/FreeRTOS/Source/event_groups.o
                0x0000000008005be0                vEventGroupSetBitsCallback
 .text.vEventGroupClearBitsCallback
                0x0000000008005bfa       0x1a ./Middlewares/Third_Party/FreeRTOS/Source/event_groups.o
                0x0000000008005bfa                vEventGroupClearBitsCallback
 .text.prvTestWaitCondition
                0x0000000008005c14       0x42 ./Middlewares/Third_Party/FreeRTOS/Source/event_groups.o
 *fill*         0x0000000008005c56        0x2 
 .text.xEventGroupSetBitsFromISR
                0x0000000008005c58       0x28 ./Middlewares/Third_Party/FreeRTOS/Source/event_groups.o
                0x0000000008005c58                xEventGroupSetBitsFromISR
 .text.vListInitialise
                0x0000000008005c80       0x3e ./Middlewares/Third_Party/FreeRTOS/Source/list.o
                0x0000000008005c80                vListInitialise
 .text.vListInitialiseItem
                0x0000000008005cbe       0x18 ./Middlewares/Third_Party/FreeRTOS/Source/list.o
                0x0000000008005cbe                vListInitialiseItem
 .text.vListInsertEnd
                0x0000000008005cd6       0x46 ./Middlewares/Third_Party/FreeRTOS/Source/list.o
                0x0000000008005cd6                vListInsertEnd
 .text.vListInsert
                0x0000000008005d1c       0x70 ./Middlewares/Third_Party/FreeRTOS/Source/list.o
                0x0000000008005d1c                vListInsert
 .text.uxListRemove
                0x0000000008005d8c       0x52 ./Middlewares/Third_Party/FreeRTOS/Source/list.o
                0x0000000008005d8c                uxListRemove
 *fill*         0x0000000008005dde        0x2 
 .text.xQueueGenericReset
                0x0000000008005de0       0xd0 ./Middlewares/Third_Party/FreeRTOS/Source/queue.o
                0x0000000008005de0                xQueueGenericReset
 .text.xQueueGenericCreateStatic
                0x0000000008005eb0       0xee ./Middlewares/Third_Party/FreeRTOS/Source/queue.o
                0x0000000008005eb0                xQueueGenericCreateStatic
 .text.prvInitialiseNewQueue
                0x0000000008005f9e       0x46 ./Middlewares/Third_Party/FreeRTOS/Source/queue.o
 .text.xQueueGenericSend
                0x0000000008005fe4      0x1fc ./Middlewares/Third_Party/FreeRTOS/Source/queue.o
                0x0000000008005fe4                xQueueGenericSend
 .text.xQueueGenericSendFromISR
                0x00000000080061e0      0x130 ./Middlewares/Third_Party/FreeRTOS/Source/queue.o
                0x00000000080061e0                xQueueGenericSendFromISR
 .text.xQueueReceive
                0x0000000008006310      0x1c0 ./Middlewares/Third_Party/FreeRTOS/Source/queue.o
                0x0000000008006310                xQueueReceive
 .text.prvCopyDataToQueue
                0x00000000080064d0       0xd4 ./Middlewares/Third_Party/FreeRTOS/Source/queue.o
 .text.prvCopyDataFromQueue
                0x00000000080065a4       0x4c ./Middlewares/Third_Party/FreeRTOS/Source/queue.o
 .text.prvUnlockQueue
                0x00000000080065f0       0xa4 ./Middlewares/Third_Party/FreeRTOS/Source/queue.o
 .text.prvIsQueueEmpty
                0x0000000008006694       0x2c ./Middlewares/Third_Party/FreeRTOS/Source/queue.o
 .text.prvIsQueueFull
                0x00000000080066c0       0x30 ./Middlewares/Third_Party/FreeRTOS/Source/queue.o
 .text.vQueueAddToRegistry
                0x00000000080066f0       0x50 ./Middlewares/Third_Party/FreeRTOS/Source/queue.o
                0x00000000080066f0                vQueueAddToRegistry
 .text.vQueueWaitForMessageRestricted
                0x0000000008006740       0x68 ./Middlewares/Third_Party/FreeRTOS/Source/queue.o
                0x0000000008006740                vQueueWaitForMessageRestricted
 .text.xTaskCreateStatic
                0x00000000080067a8       0xb8 ./Middlewares/Third_Party/FreeRTOS/Source/tasks.o
                0x00000000080067a8                xTaskCreateStatic
 .text.xTaskCreate
                0x0000000008006860       0x8a ./Middlewares/Third_Party/FreeRTOS/Source/tasks.o
                0x0000000008006860                xTaskCreate
 *fill*         0x00000000080068ea        0x2 
 .text.prvInitialiseNewTask
                0x00000000080068ec      0x13c ./Middlewares/Third_Party/FreeRTOS/Source/tasks.o
 .text.prvAddNewTaskToReadyList
                0x0000000008006a28       0xe0 ./Middlewares/Third_Party/FreeRTOS/Source/tasks.o
 .text.vTaskStartScheduler
                0x0000000008006b08       0xe0 ./Middlewares/Third_Party/FreeRTOS/Source/tasks.o
                0x0000000008006b08                vTaskStartScheduler
 .text.vTaskSuspendAll
                0x0000000008006be8       0x1c ./Middlewares/Third_Party/FreeRTOS/Source/tasks.o
                0x0000000008006be8                vTaskSuspendAll
 .text.xTaskResumeAll
                0x0000000008006c04      0x13c ./Middlewares/Third_Party/FreeRTOS/Source/tasks.o
                0x0000000008006c04                xTaskResumeAll
 .text.xTaskGetTickCount
                0x0000000008006d40       0x1c ./Middlewares/Third_Party/FreeRTOS/Source/tasks.o
                0x0000000008006d40                xTaskGetTickCount
 .text.xTaskIncrementTick
                0x0000000008006d5c      0x17c ./Middlewares/Third_Party/FreeRTOS/Source/tasks.o
                0x0000000008006d5c                xTaskIncrementTick
 .text.vTaskSwitchContext
                0x0000000008006ed8       0xc8 ./Middlewares/Third_Party/FreeRTOS/Source/tasks.o
                0x0000000008006ed8                vTaskSwitchContext
 .text.vTaskPlaceOnEventList
                0x0000000008006fa0       0x48 ./Middlewares/Third_Party/FreeRTOS/Source/tasks.o
                0x0000000008006fa0                vTaskPlaceOnEventList
 .text.vTaskPlaceOnUnorderedEventList
                0x0000000008006fe8       0x78 ./Middlewares/Third_Party/FreeRTOS/Source/tasks.o
                0x0000000008006fe8                vTaskPlaceOnUnorderedEventList
 .text.vTaskPlaceOnEventListRestricted
                0x0000000008007060       0x58 ./Middlewares/Third_Party/FreeRTOS/Source/tasks.o
                0x0000000008007060                vTaskPlaceOnEventListRestricted
 .text.xTaskRemoveFromEventList
                0x00000000080070b8       0xc8 ./Middlewares/Third_Party/FreeRTOS/Source/tasks.o
                0x00000000080070b8                xTaskRemoveFromEventList
 .text.vTaskRemoveFromUnorderedEventList
                0x0000000008007180       0xc4 ./Middlewares/Third_Party/FreeRTOS/Source/tasks.o
                0x0000000008007180                vTaskRemoveFromUnorderedEventList
 .text.vTaskInternalSetTimeOutState
                0x0000000008007244       0x2c ./Middlewares/Third_Party/FreeRTOS/Source/tasks.o
                0x0000000008007244                vTaskInternalSetTimeOutState
 .text.xTaskCheckForTimeOut
                0x0000000008007270       0xc4 ./Middlewares/Third_Party/FreeRTOS/Source/tasks.o
                0x0000000008007270                xTaskCheckForTimeOut
 .text.vTaskMissedYield
                0x0000000008007334       0x18 ./Middlewares/Third_Party/FreeRTOS/Source/tasks.o
                0x0000000008007334                vTaskMissedYield
 .text.prvIdleTask
                0x000000000800734c       0x30 ./Middlewares/Third_Party/FreeRTOS/Source/tasks.o
 .text.prvInitialiseTaskLists
                0x000000000800737c       0x80 ./Middlewares/Third_Party/FreeRTOS/Source/tasks.o
 .text.prvCheckTasksWaitingTermination
                0x00000000080073fc       0x5c ./Middlewares/Third_Party/FreeRTOS/Source/tasks.o
 .text.prvDeleteTCB
                0x0000000008007458       0x68 ./Middlewares/Third_Party/FreeRTOS/Source/tasks.o
 .text.prvResetNextTaskUnblockTime
                0x00000000080074c0       0x48 ./Middlewares/Third_Party/FreeRTOS/Source/tasks.o
 .text.xTaskGetSchedulerState
                0x0000000008007508       0x3c ./Middlewares/Third_Party/FreeRTOS/Source/tasks.o
                0x0000000008007508                xTaskGetSchedulerState
 .text.xTaskPriorityDisinherit
                0x0000000008007544       0xdc ./Middlewares/Third_Party/FreeRTOS/Source/tasks.o
                0x0000000008007544                xTaskPriorityDisinherit
 .text.uxTaskResetEventItemValue
                0x0000000008007620       0x30 ./Middlewares/Third_Party/FreeRTOS/Source/tasks.o
                0x0000000008007620                uxTaskResetEventItemValue
 .text.prvAddCurrentTaskToDelayedList
                0x0000000008007650       0xa8 ./Middlewares/Third_Party/FreeRTOS/Source/tasks.o
 .text.xTimerCreateTimerTask
                0x00000000080076f8       0x90 ./Middlewares/Third_Party/FreeRTOS/Source/timers.o
                0x00000000080076f8                xTimerCreateTimerTask
 .text.xTimerGenericCommand
                0x0000000008007788       0x9c ./Middlewares/Third_Party/FreeRTOS/Source/timers.o
                0x0000000008007788                xTimerGenericCommand
 .text.prvProcessExpiredTimer
                0x0000000008007824       0x80 ./Middlewares/Third_Party/FreeRTOS/Source/timers.o
 .text.prvTimerTask
                0x00000000080078a4       0x24 ./Middlewares/Third_Party/FreeRTOS/Source/timers.o
 .text.prvProcessTimerOrBlockTask
                0x00000000080078c8       0x9c ./Middlewares/Third_Party/FreeRTOS/Source/timers.o
 .text.prvGetNextExpireTime
                0x0000000008007964       0x48 ./Middlewares/Third_Party/FreeRTOS/Source/timers.o
 .text.prvSampleTimeNow
                0x00000000080079ac       0x40 ./Middlewares/Third_Party/FreeRTOS/Source/timers.o
 .text.prvInsertTimerInActiveList
                0x00000000080079ec       0x84 ./Middlewares/Third_Party/FreeRTOS/Source/timers.o
 .text.prvProcessReceivedCommands
                0x0000000008007a70      0x168 ./Middlewares/Third_Party/FreeRTOS/Source/timers.o
 .text.prvSwitchTimerLists
                0x0000000008007bd8       0xc4 ./Middlewares/Third_Party/FreeRTOS/Source/timers.o
 .text.prvCheckForValidListAndQueue
                0x0000000008007c9c       0x80 ./Middlewares/Third_Party/FreeRTOS/Source/timers.o
 .text.xTimerPendFunctionCallFromISR
                0x0000000008007d1c       0x40 ./Middlewares/Third_Party/FreeRTOS/Source/timers.o
                0x0000000008007d1c                xTimerPendFunctionCallFromISR
 .text.pxPortInitialiseStack
                0x0000000008007d5c       0x58 ./Middlewares/Third_Party/FreeRTOS/Source/portable/GCC/ARM_CM3/port.o
                0x0000000008007d5c                pxPortInitialiseStack
 .text.prvTaskExitError
                0x0000000008007db4       0x58 ./Middlewares/Third_Party/FreeRTOS/Source/portable/GCC/ARM_CM3/port.o
 *fill*         0x0000000008007e0c        0x4 
 .text.SVC_Handler
                0x0000000008007e10       0x28 ./Middlewares/Third_Party/FreeRTOS/Source/portable/GCC/ARM_CM3/port.o
                0x0000000008007e10                SVC_Handler
 .text.prvPortStartFirstTask
                0x0000000008007e38       0x20 ./Middlewares/Third_Party/FreeRTOS/Source/portable/GCC/ARM_CM3/port.o
 .text.xPortStartScheduler
                0x0000000008007e58       0xe4 ./Middlewares/Third_Party/FreeRTOS/Source/portable/GCC/ARM_CM3/port.o
                0x0000000008007e58                xPortStartScheduler
 .text.vPortEnterCritical
                0x0000000008007f3c       0x60 ./Middlewares/Third_Party/FreeRTOS/Source/portable/GCC/ARM_CM3/port.o
                0x0000000008007f3c                vPortEnterCritical
 .text.vPortExitCritical
                0x0000000008007f9c       0x50 ./Middlewares/Third_Party/FreeRTOS/Source/portable/GCC/ARM_CM3/port.o
                0x0000000008007f9c                vPortExitCritical
 *fill*         0x0000000008007fec        0x4 
 .text.PendSV_Handler
                0x0000000008007ff0       0x48 ./Middlewares/Third_Party/FreeRTOS/Source/portable/GCC/ARM_CM3/port.o
                0x0000000008007ff0                PendSV_Handler
 .text.xPortSysTickHandler
                0x0000000008008038       0x44 ./Middlewares/Third_Party/FreeRTOS/Source/portable/GCC/ARM_CM3/port.o
                0x0000000008008038                xPortSysTickHandler
 .text.vPortSetupTimerInterrupt
                0x000000000800807c       0x44 ./Middlewares/Third_Party/FreeRTOS/Source/portable/GCC/ARM_CM3/port.o
                0x000000000800807c                vPortSetupTimerInterrupt
 .text.vPortValidateInterruptPriority
                0x00000000080080c0       0x7c ./Middlewares/Third_Party/FreeRTOS/Source/portable/GCC/ARM_CM3/port.o
                0x00000000080080c0                vPortValidateInterruptPriority
 .text.pvPortMalloc
                0x000000000800813c      0x188 ./Middlewares/Third_Party/FreeRTOS/Source/portable/MemMang/heap_4.o
                0x000000000800813c                pvPortMalloc
 .text.vPortFree
                0x00000000080082c4       0xb4 ./Middlewares/Third_Party/FreeRTOS/Source/portable/MemMang/heap_4.o
                0x00000000080082c4                vPortFree
 .text.prvHeapInit
                0x0000000008008378       0xc4 ./Middlewares/Third_Party/FreeRTOS/Source/portable/MemMang/heap_4.o
 .text.prvInsertBlockIntoFreeList
                0x000000000800843c       0xb0 ./Middlewares/Third_Party/FreeRTOS/Source/portable/MemMang/heap_4.o
 .text.memset   0x00000000080084ec       0x10 C:/ST/STM32CubeIDE_1.13.2/STM32CubeIDE/plugins/com.st.stm32cube.ide.mcu.externaltools.gnu-tools-for-stm32.11.3.rel1.win32_1.1.100.202309141235/tools/bin/../lib/gcc/arm-none-eabi/11.3.1/../../../../arm-none-eabi/lib/thumb/v7-m/nofp\libc_nano.a(libc_a-memset.o)
                0x00000000080084ec                memset
 .text._reclaim_reent
                0x00000000080084fc       0xac C:/ST/STM32CubeIDE_1.13.2/STM32CubeIDE/plugins/com.st.stm32cube.ide.mcu.externaltools.gnu-tools-for-stm32.11.3.rel1.win32_1.1.100.202309141235/tools/bin/../lib/gcc/arm-none-eabi/11.3.1/../../../../arm-none-eabi/lib/thumb/v7-m/nofp\libc_nano.a(libc_a-reent.o)
                0x00000000080084fc                _reclaim_reent
 .text.__libc_init_array
                0x00000000080085a8       0x48 C:/ST/STM32CubeIDE_1.13.2/STM32CubeIDE/plugins/com.st.stm32cube.ide.mcu.externaltools.gnu-tools-for-stm32.11.3.rel1.win32_1.1.100.202309141235/tools/bin/../lib/gcc/arm-none-eabi/11.3.1/../../../../arm-none-eabi/lib/thumb/v7-m/nofp\libc_nano.a(libc_a-init.o)
                0x00000000080085a8                __libc_init_array
 .text.__retarget_lock_acquire_recursive
                0x00000000080085f0        0x2 C:/ST/STM32CubeIDE_1.13.2/STM32CubeIDE/plugins/com.st.stm32cube.ide.mcu.externaltools.gnu-tools-for-stm32.11.3.rel1.win32_1.1.100.202309141235/tools/bin/../lib/gcc/arm-none-eabi/11.3.1/../../../../arm-none-eabi/lib/thumb/v7-m/nofp\libc_nano.a(libc_a-lock.o)
                0x00000000080085f0                __retarget_lock_acquire_recursive
 .text.__retarget_lock_release_recursive
                0x00000000080085f2        0x2 C:/ST/STM32CubeIDE_1.13.2/STM32CubeIDE/plugins/com.st.stm32cube.ide.mcu.externaltools.gnu-tools-for-stm32.11.3.rel1.win32_1.1.100.202309141235/tools/bin/../lib/gcc/arm-none-eabi/11.3.1/../../../../arm-none-eabi/lib/thumb/v7-m/nofp\libc_nano.a(libc_a-lock.o)
                0x00000000080085f2                __retarget_lock_release_recursive
 .text.memcpy   0x00000000080085f4       0x1c C:/ST/STM32CubeIDE_1.13.2/STM32CubeIDE/plugins/com.st.stm32cube.ide.mcu.externaltools.gnu-tools-for-stm32.11.3.rel1.win32_1.1.100.202309141235/tools/bin/../lib/gcc/arm-none-eabi/11.3.1/../../../../arm-none-eabi/lib/thumb/v7-m/nofp\libc_nano.a(libc_a-memcpy-stub.o)
                0x00000000080085f4                memcpy
 .text._free_r  0x0000000008008610       0x90 C:/ST/STM32CubeIDE_1.13.2/STM32CubeIDE/plugins/com.st.stm32cube.ide.mcu.externaltools.gnu-tools-for-stm32.11.3.rel1.win32_1.1.100.202309141235/tools/bin/../lib/gcc/arm-none-eabi/11.3.1/../../../../arm-none-eabi/lib/thumb/v7-m/nofp\libc_nano.a(libc_a-freer.o)
                0x0000000008008610                _free_r
 .text.__malloc_lock
                0x00000000080086a0        0xc C:/ST/STM32CubeIDE_1.13.2/STM32CubeIDE/plugins/com.st.stm32cube.ide.mcu.externaltools.gnu-tools-for-stm32.11.3.rel1.win32_1.1.100.202309141235/tools/bin/../lib/gcc/arm-none-eabi/11.3.1/../../../../arm-none-eabi/lib/thumb/v7-m/nofp\libc_nano.a(libc_a-mlock.o)
                0x00000000080086a0                __malloc_lock
 .text.__malloc_unlock
                0x00000000080086ac        0xc C:/ST/STM32CubeIDE_1.13.2/STM32CubeIDE/plugins/com.st.stm32cube.ide.mcu.externaltools.gnu-tools-for-stm32.11.3.rel1.win32_1.1.100.202309141235/tools/bin/../lib/gcc/arm-none-eabi/11.3.1/../../../../arm-none-eabi/lib/thumb/v7-m/nofp\libc_nano.a(libc_a-mlock.o)
                0x00000000080086ac                __malloc_unlock
 *(.glue_7)
 .glue_7        0x00000000080086b8        0x0 linker stubs
 *(.glue_7t)
 .glue_7t       0x00000000080086b8        0x0 linker stubs
 *(.eh_frame)
 .eh_frame      0x00000000080086b8        0x0 C:/ST/STM32CubeIDE_1.13.2/STM32CubeIDE/plugins/com.st.stm32cube.ide.mcu.externaltools.gnu-tools-for-stm32.11.3.rel1.win32_1.1.100.202309141235/tools/bin/../lib/gcc/arm-none-eabi/11.3.1/thumb/v7-m/nofp/crtbegin.o
 *(.init)
 .init          0x00000000080086b8        0x4 C:/ST/STM32CubeIDE_1.13.2/STM32CubeIDE/plugins/com.st.stm32cube.ide.mcu.externaltools.gnu-tools-for-stm32.11.3.rel1.win32_1.1.100.202309141235/tools/bin/../lib/gcc/arm-none-eabi/11.3.1/thumb/v7-m/nofp/crti.o
                0x00000000080086b8                _init
 .init          0x00000000080086bc        0x8 C:/ST/STM32CubeIDE_1.13.2/STM32CubeIDE/plugins/com.st.stm32cube.ide.mcu.externaltools.gnu-tools-for-stm32.11.3.rel1.win32_1.1.100.202309141235/tools/bin/../lib/gcc/arm-none-eabi/11.3.1/thumb/v7-m/nofp/crtn.o
 *(.fini)
 .fini          0x00000000080086c4        0x4 C:/ST/STM32CubeIDE_1.13.2/STM32CubeIDE/plugins/com.st.stm32cube.ide.mcu.externaltools.gnu-tools-for-stm32.11.3.rel1.win32_1.1.100.202309141235/tools/bin/../lib/gcc/arm-none-eabi/11.3.1/thumb/v7-m/nofp/crti.o
                0x00000000080086c4                _fini
 .fini          0x00000000080086c8        0x8 C:/ST/STM32CubeIDE_1.13.2/STM32CubeIDE/plugins/com.st.stm32cube.ide.mcu.externaltools.gnu-tools-for-stm32.11.3.rel1.win32_1.1.100.202309141235/tools/bin/../lib/gcc/arm-none-eabi/11.3.1/thumb/v7-m/nofp/crtn.o
                0x00000000080086d0                . = ALIGN (0x4)
                0x00000000080086d0                _etext = .

.vfp11_veneer   0x00000000080086d0        0x0
 .vfp11_veneer  0x00000000080086d0        0x0 linker stubs

.v4_bx          0x00000000080086d0        0x0
 .v4_bx         0x00000000080086d0        0x0 linker stubs

.iplt           0x00000000080086d0        0x0
 .iplt          0x00000000080086d0        0x0 C:/ST/STM32CubeIDE_1.13.2/STM32CubeIDE/plugins/com.st.stm32cube.ide.mcu.externaltools.gnu-tools-for-stm32.11.3.rel1.win32_1.1.100.202309141235/tools/bin/../lib/gcc/arm-none-eabi/11.3.1/thumb/v7-m/nofp/crtbegin.o

.rodata         0x00000000080086d0       0xe0
                0x00000000080086d0                . = ALIGN (0x4)
 *(.rodata)
 .rodata        0x00000000080086d0       0x2d ./Core/Src/main.o
 *fill*         0x00000000080086fd        0x3 
 .rodata        0x0000000008008700        0x5 ./Middlewares/Third_Party/FreeRTOS/Source/tasks.o
 *fill*         0x0000000008008705        0x3 
 .rodata        0x0000000008008708        0xd ./Middlewares/Third_Party/FreeRTOS/Source/timers.o
 *(.rodata*)
 *fill*         0x0000000008008715        0x3 
 .rodata.Driving_Task_attributes
                0x0000000008008718       0x24 ./Core/Src/main.o
                0x0000000008008718                Driving_Task_attributes
 .rodata.Searching_Task_attributes
                0x000000000800873c       0x24 ./Core/Src/main.o
                0x000000000800873c                Searching_Task_attributes
 .rodata.Parking_Task_attributes
                0x0000000008008760       0x24 ./Core/Src/main.o
                0x0000000008008760                Parking_Task_attributes
 .rodata.AHBPrescTable
                0x0000000008008784       0x10 ./Core/Src/system_stm32f1xx.o
                0x0000000008008784                AHBPrescTable
 .rodata.APBPrescTable
                0x0000000008008794        0x8 ./Core/Src/system_stm32f1xx.o
                0x0000000008008794                APBPrescTable
 .rodata.aPLLMULFactorTable.1
                0x000000000800879c       0x10 ./Drivers/STM32F1xx_HAL_Driver/Src/stm32f1xx_hal_rcc.o
 .rodata.aPredivFactorTable.0
                0x00000000080087ac        0x2 ./Drivers/STM32F1xx_HAL_Driver/Src/stm32f1xx_hal_rcc.o
                0x00000000080087b0                . = ALIGN (0x4)
 *fill*         0x00000000080087ae        0x2 

.rel.dyn        0x00000000080087b0        0x0
 .rel.iplt      0x00000000080087b0        0x0 C:/ST/STM32CubeIDE_1.13.2/STM32CubeIDE/plugins/com.st.stm32cube.ide.mcu.externaltools.gnu-tools-for-stm32.11.3.rel1.win32_1.1.100.202309141235/tools/bin/../lib/gcc/arm-none-eabi/11.3.1/thumb/v7-m/nofp/crtbegin.o

.ARM.extab      0x00000000080087b0        0x0
                0x00000000080087b0                . = ALIGN (0x4)
 *(.ARM.extab* .gnu.linkonce.armextab.*)
                0x00000000080087b0                . = ALIGN (0x4)

.ARM            0x00000000080087b0        0x0
                0x00000000080087b0                . = ALIGN (0x4)
                0x00000000080087b0                __exidx_start = .
 *(.ARM.exidx*)
                0x00000000080087b0                __exidx_end = .
                0x00000000080087b0                . = ALIGN (0x4)

.preinit_array  0x00000000080087b0        0x0
                0x00000000080087b0                . = ALIGN (0x4)
                0x00000000080087b0                PROVIDE (__preinit_array_start = .)
 *(.preinit_array*)
                0x00000000080087b0                PROVIDE (__preinit_array_end = .)
                0x00000000080087b0                . = ALIGN (0x4)

.init_array     0x00000000080087b0        0x4
                0x00000000080087b0                . = ALIGN (0x4)
                0x00000000080087b0                PROVIDE (__init_array_start = .)
 *(SORT_BY_NAME(.init_array.*))
 *(.init_array*)
 .init_array    0x00000000080087b0        0x4 C:/ST/STM32CubeIDE_1.13.2/STM32CubeIDE/plugins/com.st.stm32cube.ide.mcu.externaltools.gnu-tools-for-stm32.11.3.rel1.win32_1.1.100.202309141235/tools/bin/../lib/gcc/arm-none-eabi/11.3.1/thumb/v7-m/nofp/crtbegin.o
                0x00000000080087b4                PROVIDE (__init_array_end = .)
                0x00000000080087b4                . = ALIGN (0x4)

.fini_array     0x00000000080087b4        0x4
                0x00000000080087b4                . = ALIGN (0x4)
                [!provide]                        PROVIDE (__fini_array_start = .)
 *(SORT_BY_NAME(.fini_array.*))
 *(.fini_array*)
 .fini_array    0x00000000080087b4        0x4 C:/ST/STM32CubeIDE_1.13.2/STM32CubeIDE/plugins/com.st.stm32cube.ide.mcu.externaltools.gnu-tools-for-stm32.11.3.rel1.win32_1.1.100.202309141235/tools/bin/../lib/gcc/arm-none-eabi/11.3.1/thumb/v7-m/nofp/crtbegin.o
                [!provide]                        PROVIDE (__fini_array_end = .)
                0x00000000080087b8                . = ALIGN (0x4)
                0x00000000080087b8                _sidata = LOADADDR (.data)

.data           0x0000000020000000       0x74 load address 0x00000000080087b8
                0x0000000020000000                . = ALIGN (0x4)
                0x0000000020000000                _sdata = .
 *(.data)
 *(.data*)
 .data.Speed    0x0000000020000000        0x1 ./Core/Src/Driving.o
 .data.onetimeflagF
                0x0000000020000001        0x1 ./Core/Src/Driving.o
 .data.onetimeflagB
                0x0000000020000002        0x1 ./Core/Src/Driving.o
 *fill*         0x0000000020000003        0x1 
 .data.Distance_Arr
                0x0000000020000004        0xb ./Core/Src/Driving.o
 .data.OneTimeFlag
                0x000000002000000f        0x1 ./Core/Src/Park.o
 .data.flag     0x0000000020000010        0x1 ./Core/Src/Search.o
 .data.EnableInterrupt_flag
                0x0000000020000011        0x1 ./Core/Src/Search.o
 *fill*         0x0000000020000012        0x2 
 .data.SystemCoreClock
                0x0000000020000014        0x4 ./Core/Src/system_stm32f1xx.o
                0x0000000020000014                SystemCoreClock
 .data.uwTickPrio
                0x0000000020000018        0x4 ./Drivers/STM32F1xx_HAL_Driver/Src/stm32f1xx_hal.o
                0x0000000020000018                uwTickPrio
 .data.uwTickFreq
                0x000000002000001c        0x1 ./Drivers/STM32F1xx_HAL_Driver/Src/stm32f1xx_hal.o
                0x000000002000001c                uwTickFreq
 *fill*         0x000000002000001d        0x3 
 .data.uxCriticalNesting
                0x0000000020000020        0x4 ./Middlewares/Third_Party/FreeRTOS/Source/portable/GCC/ARM_CM3/port.o
 .data._impure_data
                0x0000000020000024       0x4c C:/ST/STM32CubeIDE_1.13.2/STM32CubeIDE/plugins/com.st.stm32cube.ide.mcu.externaltools.gnu-tools-for-stm32.11.3.rel1.win32_1.1.100.202309141235/tools/bin/../lib/gcc/arm-none-eabi/11.3.1/../../../../arm-none-eabi/lib/thumb/v7-m/nofp\libc_nano.a(libc_a-impure.o)
                0x0000000020000024                _impure_data
 .data._impure_ptr
                0x0000000020000070        0x4 C:/ST/STM32CubeIDE_1.13.2/STM32CubeIDE/plugins/com.st.stm32cube.ide.mcu.externaltools.gnu-tools-for-stm32.11.3.rel1.win32_1.1.100.202309141235/tools/bin/../lib/gcc/arm-none-eabi/11.3.1/../../../../arm-none-eabi/lib/thumb/v7-m/nofp\libc_nano.a(libc_a-impure.o)
                0x0000000020000070                _impure_ptr
 *(.RamFunc)
 *(.RamFunc*)
                0x0000000020000074                . = ALIGN (0x4)
                0x0000000020000074                _edata = .

.igot.plt       0x0000000020000074        0x0 load address 0x000000000800882c
 .igot.plt      0x0000000020000074        0x0 C:/ST/STM32CubeIDE_1.13.2/STM32CubeIDE/plugins/com.st.stm32cube.ide.mcu.externaltools.gnu-tools-for-stm32.11.3.rel1.win32_1.1.100.202309141235/tools/bin/../lib/gcc/arm-none-eabi/11.3.1/thumb/v7-m/nofp/crtbegin.o
                0x0000000020000074                . = ALIGN (0x4)

.bss            0x0000000020000074     0x39f0 load address 0x000000000800882c
                0x0000000020000074                _sbss = .
                0x0000000020000074                __bss_start__ = _sbss
 *(.bss)
 .bss           0x0000000020000074       0x1c C:/ST/STM32CubeIDE_1.13.2/STM32CubeIDE/plugins/com.st.stm32cube.ide.mcu.externaltools.gnu-tools-for-stm32.11.3.rel1.win32_1.1.100.202309141235/tools/bin/../lib/gcc/arm-none-eabi/11.3.1/thumb/v7-m/nofp/crtbegin.o
 *(.bss*)
 .bss.motor_flag
                0x0000000020000090        0x1 ./Core/Src/Driving.o
 .bss.ParkMode  0x0000000020000091        0x1 ./Core/Src/Park.o
 *fill*         0x0000000020000092        0x2 
 .bss.ultrasonics_arr
                0x0000000020000094        0xc ./Core/Src/SharedVar.o
 .bss.ultrasonics_Flagarr
                0x00000000200000a0        0x6 ./Core/Src/SharedVar.o
 .bss.mode      0x00000000200000a6        0x1 ./Core/Src/SharedVar.o
 .bss.Obstacle_flag
                0x00000000200000a7        0x1 ./Core/Src/SharedVar.o
 .bss.perv_value
                0x00000000200000a8        0x1 ./Core/Src/Uart.o
 *fill*         0x00000000200000a9        0x3 
 .bss.ptr_rxData
                0x00000000200000ac        0x4 ./Core/Src/Uart.o
 .bss.ptr_Uart_flag
                0x00000000200000b0        0x4 ./Core/Src/Uart.o
 .bss.Sensor1   0x00000000200000b4       0x50 ./Core/Src/Ultra_Sonic.o
 .bss.Sensor2   0x0000000020000104       0x50 ./Core/Src/Ultra_Sonic.o
 .bss.Sensor3   0x0000000020000154       0x50 ./Core/Src/Ultra_Sonic.o
 .bss.Sensor4   0x00000000200001a4       0x50 ./Core/Src/Ultra_Sonic.o
 .bss.Sensor5   0x00000000200001f4       0x50 ./Core/Src/Ultra_Sonic.o
 .bss.Sensor6   0x0000000020000244       0x50 ./Core/Src/Ultra_Sonic.o
 .bss.Ultra_reading
                0x0000000020000294        0x4 ./Core/Src/Ultra_Sonic.o
 .bss.values1_captured
                0x0000000020000298        0xc ./Core/Src/Ultra_Sonic.o
 .bss.values2_flags
                0x00000000200002a4        0x4 ./Core/Src/Ultra_Sonic.o
 .bss.values1_flags
                0x00000000200002a8        0x6 ./Core/Src/Ultra_Sonic.o
 .bss.mode      0x00000000200002ae        0x1 ./Core/Src/Ultra_Sonic.o
 *fill*         0x00000000200002af        0x1 
 .bss.current_time
                0x00000000200002b0        0x4 ./Core/Src/Ultra_Sonic.o
                0x00000000200002b0                current_time
 .bss.htim1     0x00000000200002b4       0x48 ./Core/Src/main.o
                0x00000000200002b4                htim1
 .bss.htim2     0x00000000200002fc       0x48 ./Core/Src/main.o
                0x00000000200002fc                htim2
 .bss.htim3     0x0000000020000344       0x48 ./Core/Src/main.o
                0x0000000020000344                htim3
 .bss.htim4     0x000000002000038c       0x48 ./Core/Src/main.o
                0x000000002000038c                htim4
 .bss.huart2    0x00000000200003d4       0x48 ./Core/Src/main.o
                0x00000000200003d4                huart2
 .bss.Driving_TaskHandle
                0x000000002000041c        0x4 ./Core/Src/main.o
                0x000000002000041c                Driving_TaskHandle
 .bss.Searching_TaskHandle
                0x0000000020000420        0x4 ./Core/Src/main.o
                0x0000000020000420                Searching_TaskHandle
 .bss.Parking_TaskHandle
                0x0000000020000424        0x4 ./Core/Src/main.o
                0x0000000020000424                Parking_TaskHandle
 .bss.EventGroup_1
                0x0000000020000428        0x4 ./Core/Src/main.o
                0x0000000020000428                EventGroup_1
 .bss.ch        0x000000002000042c        0x1 ./Core/Src/main.o
                0x000000002000042c                ch
 .bss.Uart_flag
                0x000000002000042d        0x1 ./Core/Src/main.o
 .bss.rxData    0x000000002000042e        0x1 ./Core/Src/main.o
 .bss.mode      0x000000002000042f        0x1 ./Core/Src/main.o
                0x000000002000042f                mode
 .bss.uwTick    0x0000000020000430        0x4 ./Drivers/STM32F1xx_HAL_Driver/Src/stm32f1xx_hal.o
                0x0000000020000430                uwTick
 .bss.KernelState
                0x0000000020000434        0x4 ./Middlewares/Third_Party/FreeRTOS/Source/CMSIS_RTOS_V2/cmsis_os2.o
 .bss.Idle_TCB  0x0000000020000438       0xa8 ./Middlewares/Third_Party/FreeRTOS/Source/CMSIS_RTOS_V2/cmsis_os2.o
 .bss.Idle_Stack
                0x00000000200004e0      0x200 ./Middlewares/Third_Party/FreeRTOS/Source/CMSIS_RTOS_V2/cmsis_os2.o
 .bss.Timer_TCB
                0x00000000200006e0       0xa8 ./Middlewares/Third_Party/FreeRTOS/Source/CMSIS_RTOS_V2/cmsis_os2.o
 .bss.Timer_Stack
                0x0000000020000788      0x400 ./Middlewares/Third_Party/FreeRTOS/Source/CMSIS_RTOS_V2/cmsis_os2.o
 .bss.xQueueRegistry
                0x0000000020000b88       0x40 ./Middlewares/Third_Party/FreeRTOS/Source/queue.o
                0x0000000020000b88                xQueueRegistry
 .bss.pxCurrentTCB
                0x0000000020000bc8        0x4 ./Middlewares/Third_Party/FreeRTOS/Source/tasks.o
                0x0000000020000bc8                pxCurrentTCB
 .bss.pxReadyTasksLists
                0x0000000020000bcc      0x460 ./Middlewares/Third_Party/FreeRTOS/Source/tasks.o
 .bss.xDelayedTaskList1
                0x000000002000102c       0x14 ./Middlewares/Third_Party/FreeRTOS/Source/tasks.o
 .bss.xDelayedTaskList2
                0x0000000020001040       0x14 ./Middlewares/Third_Party/FreeRTOS/Source/tasks.o
 .bss.pxDelayedTaskList
                0x0000000020001054        0x4 ./Middlewares/Third_Party/FreeRTOS/Source/tasks.o
 .bss.pxOverflowDelayedTaskList
                0x0000000020001058        0x4 ./Middlewares/Third_Party/FreeRTOS/Source/tasks.o
 .bss.xPendingReadyList
                0x000000002000105c       0x14 ./Middlewares/Third_Party/FreeRTOS/Source/tasks.o
 .bss.xTasksWaitingTermination
                0x0000000020001070       0x14 ./Middlewares/Third_Party/FreeRTOS/Source/tasks.o
 .bss.uxDeletedTasksWaitingCleanUp
                0x0000000020001084        0x4 ./Middlewares/Third_Party/FreeRTOS/Source/tasks.o
 .bss.xSuspendedTaskList
                0x0000000020001088       0x14 ./Middlewares/Third_Party/FreeRTOS/Source/tasks.o
 .bss.uxCurrentNumberOfTasks
                0x000000002000109c        0x4 ./Middlewares/Third_Party/FreeRTOS/Source/tasks.o
 .bss.xTickCount
                0x00000000200010a0        0x4 ./Middlewares/Third_Party/FreeRTOS/Source/tasks.o
 .bss.uxTopReadyPriority
                0x00000000200010a4        0x4 ./Middlewares/Third_Party/FreeRTOS/Source/tasks.o
 .bss.xSchedulerRunning
                0x00000000200010a8        0x4 ./Middlewares/Third_Party/FreeRTOS/Source/tasks.o
 .bss.uxPendedTicks
                0x00000000200010ac        0x4 ./Middlewares/Third_Party/FreeRTOS/Source/tasks.o
 .bss.xYieldPending
                0x00000000200010b0        0x4 ./Middlewares/Third_Party/FreeRTOS/Source/tasks.o
 .bss.xNumOfOverflows
                0x00000000200010b4        0x4 ./Middlewares/Third_Party/FreeRTOS/Source/tasks.o
 .bss.uxTaskNumber
                0x00000000200010b8        0x4 ./Middlewares/Third_Party/FreeRTOS/Source/tasks.o
 .bss.xNextTaskUnblockTime
                0x00000000200010bc        0x4 ./Middlewares/Third_Party/FreeRTOS/Source/tasks.o
 .bss.xIdleTaskHandle
                0x00000000200010c0        0x4 ./Middlewares/Third_Party/FreeRTOS/Source/tasks.o
 .bss.uxSchedulerSuspended
                0x00000000200010c4        0x4 ./Middlewares/Third_Party/FreeRTOS/Source/tasks.o
 .bss.xActiveTimerList1
                0x00000000200010c8       0x14 ./Middlewares/Third_Party/FreeRTOS/Source/timers.o
 .bss.xActiveTimerList2
                0x00000000200010dc       0x14 ./Middlewares/Third_Party/FreeRTOS/Source/timers.o
 .bss.pxCurrentTimerList
                0x00000000200010f0        0x4 ./Middlewares/Third_Party/FreeRTOS/Source/timers.o
 .bss.pxOverflowTimerList
                0x00000000200010f4        0x4 ./Middlewares/Third_Party/FreeRTOS/Source/timers.o
 .bss.xTimerQueue
                0x00000000200010f8        0x4 ./Middlewares/Third_Party/FreeRTOS/Source/timers.o
 .bss.xTimerTaskHandle
                0x00000000200010fc        0x4 ./Middlewares/Third_Party/FreeRTOS/Source/timers.o
 .bss.xLastTime.2
                0x0000000020001100        0x4 ./Middlewares/Third_Party/FreeRTOS/Source/timers.o
 .bss.ucStaticTimerQueueStorage.1
                0x0000000020001104       0xa0 ./Middlewares/Third_Party/FreeRTOS/Source/timers.o
 .bss.xStaticTimerQueue.0
                0x00000000200011a4       0x50 ./Middlewares/Third_Party/FreeRTOS/Source/timers.o
 .bss.ucMaxSysCallPriority
                0x00000000200011f4        0x1 ./Middlewares/Third_Party/FreeRTOS/Source/portable/GCC/ARM_CM3/port.o
 *fill*         0x00000000200011f5        0x3 
 .bss.ulMaxPRIGROUPValue
                0x00000000200011f8        0x4 ./Middlewares/Third_Party/FreeRTOS/Source/portable/GCC/ARM_CM3/port.o
 .bss.ucHeap    0x00000000200011fc     0x2710 ./Middlewares/Third_Party/FreeRTOS/Source/portable/MemMang/heap_4.o
 .bss.xStart    0x000000002000390c        0x8 ./Middlewares/Third_Party/FreeRTOS/Source/portable/MemMang/heap_4.o
 .bss.pxEnd     0x0000000020003914        0x4 ./Middlewares/Third_Party/FreeRTOS/Source/portable/MemMang/heap_4.o
 .bss.xFreeBytesRemaining
                0x0000000020003918        0x4 ./Middlewares/Third_Party/FreeRTOS/Source/portable/MemMang/heap_4.o
 .bss.xMinimumEverFreeBytesRemaining
                0x000000002000391c        0x4 ./Middlewares/Third_Party/FreeRTOS/Source/portable/MemMang/heap_4.o
 .bss.xBlockAllocatedBit
                0x0000000020003920        0x4 ./Middlewares/Third_Party/FreeRTOS/Source/portable/MemMang/heap_4.o
 .bss.__sf      0x0000000020003924      0x138 C:/ST/STM32CubeIDE_1.13.2/STM32CubeIDE/plugins/com.st.stm32cube.ide.mcu.externaltools.gnu-tools-for-stm32.11.3.rel1.win32_1.1.100.202309141235/tools/bin/../lib/gcc/arm-none-eabi/11.3.1/../../../../arm-none-eabi/lib/thumb/v7-m/nofp\libc_nano.a(libc_a-findfp.o)
                0x0000000020003924                __sf
 .bss.__lock___malloc_recursive_mutex
                0x0000000020003a5c        0x1 C:/ST/STM32CubeIDE_1.13.2/STM32CubeIDE/plugins/com.st.stm32cube.ide.mcu.externaltools.gnu-tools-for-stm32.11.3.rel1.win32_1.1.100.202309141235/tools/bin/../lib/gcc/arm-none-eabi/11.3.1/../../../../arm-none-eabi/lib/thumb/v7-m/nofp\libc_nano.a(libc_a-lock.o)
                0x0000000020003a5c                __lock___malloc_recursive_mutex
 *fill*         0x0000000020003a5d        0x3 
 .bss.__malloc_free_list
                0x0000000020003a60        0x4 C:/ST/STM32CubeIDE_1.13.2/STM32CubeIDE/plugins/com.st.stm32cube.ide.mcu.externaltools.gnu-tools-for-stm32.11.3.rel1.win32_1.1.100.202309141235/tools/bin/../lib/gcc/arm-none-eabi/11.3.1/../../../../arm-none-eabi/lib/thumb/v7-m/nofp\libc_nano.a(libc_a-mallocr.o)
                0x0000000020003a60                __malloc_free_list
 *(COMMON)
                0x0000000020003a64                . = ALIGN (0x4)
                0x0000000020003a64                _ebss = .
                0x0000000020003a64                __bss_end__ = _ebss

._user_heap_stack
                0x0000000020003a64      0x604 load address 0x000000000800882c
                0x0000000020003a68                . = ALIGN (0x8)
 *fill*         0x0000000020003a64        0x4 
                [!provide]                        PROVIDE (end = .)
                0x0000000020003a68                PROVIDE (_end = .)
                0x0000000020003c68                . = (. + _Min_Heap_Size)
 *fill*         0x0000000020003a68      0x200 
                0x0000000020004068                . = (. + _Min_Stack_Size)
 *fill*         0x0000000020003c68      0x400 
                0x0000000020004068                . = ALIGN (0x8)

/DISCARD/
 libc.a(*)
 libm.a(*)
 libgcc.a(*)

.ARM.attributes
                0x0000000000000000       0x29
 *(.ARM.attributes)
 .ARM.attributes
                0x0000000000000000       0x1d C:/ST/STM32CubeIDE_1.13.2/STM32CubeIDE/plugins/com.st.stm32cube.ide.mcu.externaltools.gnu-tools-for-stm32.11.3.rel1.win32_1.1.100.202309141235/tools/bin/../lib/gcc/arm-none-eabi/11.3.1/thumb/v7-m/nofp/crti.o
 .ARM.attributes
                0x000000000000001d       0x2d C:/ST/STM32CubeIDE_1.13.2/STM32CubeIDE/plugins/com.st.stm32cube.ide.mcu.externaltools.gnu-tools-for-stm32.11.3.rel1.win32_1.1.100.202309141235/tools/bin/../lib/gcc/arm-none-eabi/11.3.1/thumb/v7-m/nofp/crtbegin.o
 .ARM.attributes
                0x000000000000004a       0x2d ./Core/Src/Driving.o
 .ARM.attributes
                0x0000000000000077       0x2d ./Core/Src/Motor.o
 .ARM.attributes
                0x00000000000000a4       0x2d ./Core/Src/Park.o
 .ARM.attributes
                0x00000000000000d1       0x2d ./Core/Src/Search.o
 .ARM.attributes
                0x00000000000000fe       0x2d ./Core/Src/SharedVar.o
 .ARM.attributes
                0x000000000000012b       0x2d ./Core/Src/Uart.o
 .ARM.attributes
                0x0000000000000158       0x2d ./Core/Src/Ultra_Sonic.o
 .ARM.attributes
                0x0000000000000185       0x2d ./Core/Src/main.o
 .ARM.attributes
                0x00000000000001b2       0x2d ./Core/Src/stm32f1xx_hal_msp.o
 .ARM.attributes
                0x00000000000001df       0x2d ./Core/Src/stm32f1xx_it.o
 .ARM.attributes
                0x000000000000020c       0x2d ./Core/Src/system_stm32f1xx.o
 .ARM.attributes
                0x0000000000000239       0x21 ./Core/Startup/startup_stm32f103c8tx.o
 .ARM.attributes
                0x000000000000025a       0x2d ./Drivers/STM32F1xx_HAL_Driver/Src/stm32f1xx_hal.o
 .ARM.attributes
                0x0000000000000287       0x2d ./Drivers/STM32F1xx_HAL_Driver/Src/stm32f1xx_hal_cortex.o
 .ARM.attributes
                0x00000000000002b4       0x2d ./Drivers/STM32F1xx_HAL_Driver/Src/stm32f1xx_hal_dma.o
 .ARM.attributes
                0x00000000000002e1       0x2d ./Drivers/STM32F1xx_HAL_Driver/Src/stm32f1xx_hal_gpio.o
 .ARM.attributes
                0x000000000000030e       0x2d ./Drivers/STM32F1xx_HAL_Driver/Src/stm32f1xx_hal_rcc.o
 .ARM.attributes
                0x000000000000033b       0x2d ./Drivers/STM32F1xx_HAL_Driver/Src/stm32f1xx_hal_tim.o
 .ARM.attributes
                0x0000000000000368       0x2d ./Drivers/STM32F1xx_HAL_Driver/Src/stm32f1xx_hal_tim_ex.o
 .ARM.attributes
                0x0000000000000395       0x2d ./Drivers/STM32F1xx_HAL_Driver/Src/stm32f1xx_hal_uart.o
 .ARM.attributes
                0x00000000000003c2       0x2d ./Middlewares/Third_Party/FreeRTOS/Source/CMSIS_RTOS_V2/cmsis_os2.o
 .ARM.attributes
                0x00000000000003ef       0x2d ./Middlewares/Third_Party/FreeRTOS/Source/event_groups.o
 .ARM.attributes
                0x000000000000041c       0x2d ./Middlewares/Third_Party/FreeRTOS/Source/list.o
 .ARM.attributes
                0x0000000000000449       0x2d ./Middlewares/Third_Party/FreeRTOS/Source/queue.o
 .ARM.attributes
                0x0000000000000476       0x2d ./Middlewares/Third_Party/FreeRTOS/Source/tasks.o
 .ARM.attributes
                0x00000000000004a3       0x2d ./Middlewares/Third_Party/FreeRTOS/Source/timers.o
 .ARM.attributes
                0x00000000000004d0       0x2d ./Middlewares/Third_Party/FreeRTOS/Source/portable/GCC/ARM_CM3/port.o
 .ARM.attributes
                0x00000000000004fd       0x2d ./Middlewares/Third_Party/FreeRTOS/Source/portable/MemMang/heap_4.o
 .ARM.attributes
                0x000000000000052a       0x2d C:/ST/STM32CubeIDE_1.13.2/STM32CubeIDE/plugins/com.st.stm32cube.ide.mcu.externaltools.gnu-tools-for-stm32.11.3.rel1.win32_1.1.100.202309141235/tools/bin/../lib/gcc/arm-none-eabi/11.3.1/../../../../arm-none-eabi/lib/thumb/v7-m/nofp\libc_nano.a(libc_a-findfp.o)
 .ARM.attributes
                0x0000000000000557       0x2d C:/ST/STM32CubeIDE_1.13.2/STM32CubeIDE/plugins/com.st.stm32cube.ide.mcu.externaltools.gnu-tools-for-stm32.11.3.rel1.win32_1.1.100.202309141235/tools/bin/../lib/gcc/arm-none-eabi/11.3.1/../../../../arm-none-eabi/lib/thumb/v7-m/nofp\libc_nano.a(libc_a-memset.o)
 .ARM.attributes
                0x0000000000000584       0x2d C:/ST/STM32CubeIDE_1.13.2/STM32CubeIDE/plugins/com.st.stm32cube.ide.mcu.externaltools.gnu-tools-for-stm32.11.3.rel1.win32_1.1.100.202309141235/tools/bin/../lib/gcc/arm-none-eabi/11.3.1/../../../../arm-none-eabi/lib/thumb/v7-m/nofp\libc_nano.a(libc_a-reent.o)
 .ARM.attributes
                0x00000000000005b1       0x2d C:/ST/STM32CubeIDE_1.13.2/STM32CubeIDE/plugins/com.st.stm32cube.ide.mcu.externaltools.gnu-tools-for-stm32.11.3.rel1.win32_1.1.100.202309141235/tools/bin/../lib/gcc/arm-none-eabi/11.3.1/../../../../arm-none-eabi/lib/thumb/v7-m/nofp\libc_nano.a(libc_a-impure.o)
 .ARM.attributes
                0x00000000000005de       0x2d C:/ST/STM32CubeIDE_1.13.2/STM32CubeIDE/plugins/com.st.stm32cube.ide.mcu.externaltools.gnu-tools-for-stm32.11.3.rel1.win32_1.1.100.202309141235/tools/bin/../lib/gcc/arm-none-eabi/11.3.1/../../../../arm-none-eabi/lib/thumb/v7-m/nofp\libc_nano.a(libc_a-init.o)
 .ARM.attributes
                0x000000000000060b       0x2d C:/ST/STM32CubeIDE_1.13.2/STM32CubeIDE/plugins/com.st.stm32cube.ide.mcu.externaltools.gnu-tools-for-stm32.11.3.rel1.win32_1.1.100.202309141235/tools/bin/../lib/gcc/arm-none-eabi/11.3.1/../../../../arm-none-eabi/lib/thumb/v7-m/nofp\libc_nano.a(libc_a-lock.o)
 .ARM.attributes
                0x0000000000000638       0x2d C:/ST/STM32CubeIDE_1.13.2/STM32CubeIDE/plugins/com.st.stm32cube.ide.mcu.externaltools.gnu-tools-for-stm32.11.3.rel1.win32_1.1.100.202309141235/tools/bin/../lib/gcc/arm-none-eabi/11.3.1/../../../../arm-none-eabi/lib/thumb/v7-m/nofp\libc_nano.a(libc_a-memcpy-stub.o)
 .ARM.attributes
                0x0000000000000665       0x2d C:/ST/STM32CubeIDE_1.13.2/STM32CubeIDE/plugins/com.st.stm32cube.ide.mcu.externaltools.gnu-tools-for-stm32.11.3.rel1.win32_1.1.100.202309141235/tools/bin/../lib/gcc/arm-none-eabi/11.3.1/../../../../arm-none-eabi/lib/thumb/v7-m/nofp\libc_nano.a(libc_a-freer.o)
 .ARM.attributes
                0x0000000000000692       0x2d C:/ST/STM32CubeIDE_1.13.2/STM32CubeIDE/plugins/com.st.stm32cube.ide.mcu.externaltools.gnu-tools-for-stm32.11.3.rel1.win32_1.1.100.202309141235/tools/bin/../lib/gcc/arm-none-eabi/11.3.1/../../../../arm-none-eabi/lib/thumb/v7-m/nofp\libc_nano.a(libc_a-mallocr.o)
 .ARM.attributes
                0x00000000000006bf       0x2d C:/ST/STM32CubeIDE_1.13.2/STM32CubeIDE/plugins/com.st.stm32cube.ide.mcu.externaltools.gnu-tools-for-stm32.11.3.rel1.win32_1.1.100.202309141235/tools/bin/../lib/gcc/arm-none-eabi/11.3.1/../../../../arm-none-eabi/lib/thumb/v7-m/nofp\libc_nano.a(libc_a-mlock.o)
 .ARM.attributes
                0x00000000000006ec       0x1d C:/ST/STM32CubeIDE_1.13.2/STM32CubeIDE/plugins/com.st.stm32cube.ide.mcu.externaltools.gnu-tools-for-stm32.11.3.rel1.win32_1.1.100.202309141235/tools/bin/../lib/gcc/arm-none-eabi/11.3.1/thumb/v7-m/nofp/crtn.o
OUTPUT(ultra_sonic_New.elf elf32-littlearm)
LOAD linker stubs
LOAD C:/ST/STM32CubeIDE_1.13.2/STM32CubeIDE/plugins/com.st.stm32cube.ide.mcu.externaltools.gnu-tools-for-stm32.11.3.rel1.win32_1.1.100.202309141235/tools/bin/../lib/gcc/arm-none-eabi/11.3.1/../../../../arm-none-eabi/lib/thumb/v7-m/nofp\libc.a
LOAD C:/ST/STM32CubeIDE_1.13.2/STM32CubeIDE/plugins/com.st.stm32cube.ide.mcu.externaltools.gnu-tools-for-stm32.11.3.rel1.win32_1.1.100.202309141235/tools/bin/../lib/gcc/arm-none-eabi/11.3.1/../../../../arm-none-eabi/lib/thumb/v7-m/nofp\libm.a
LOAD C:/ST/STM32CubeIDE_1.13.2/STM32CubeIDE/plugins/com.st.stm32cube.ide.mcu.externaltools.gnu-tools-for-stm32.11.3.rel1.win32_1.1.100.202309141235/tools/bin/../lib/gcc/arm-none-eabi/11.3.1/thumb/v7-m/nofp\libgcc.a

.comment        0x0000000000000000       0x43
 .comment       0x0000000000000000       0x43 C:/ST/STM32CubeIDE_1.13.2/STM32CubeIDE/plugins/com.st.stm32cube.ide.mcu.externaltools.gnu-tools-for-stm32.11.3.rel1.win32_1.1.100.202309141235/tools/bin/../lib/gcc/arm-none-eabi/11.3.1/thumb/v7-m/nofp/crtbegin.o
                                         0x44 (size before relaxing)
 .comment       0x0000000000000043       0x44 ./Core/Src/Driving.o
 .comment       0x0000000000000043       0x44 ./Core/Src/Motor.o
 .comment       0x0000000000000043       0x44 ./Core/Src/Park.o
 .comment       0x0000000000000043       0x44 ./Core/Src/Search.o
 .comment       0x0000000000000043       0x44 ./Core/Src/SharedVar.o
 .comment       0x0000000000000043       0x44 ./Core/Src/Uart.o
 .comment       0x0000000000000043       0x44 ./Core/Src/Ultra_Sonic.o
 .comment       0x0000000000000043       0x44 ./Core/Src/main.o
 .comment       0x0000000000000043       0x44 ./Core/Src/stm32f1xx_hal_msp.o
 .comment       0x0000000000000043       0x44 ./Core/Src/stm32f1xx_it.o
 .comment       0x0000000000000043       0x44 ./Core/Src/system_stm32f1xx.o
 .comment       0x0000000000000043       0x44 ./Drivers/STM32F1xx_HAL_Driver/Src/stm32f1xx_hal.o
 .comment       0x0000000000000043       0x44 ./Drivers/STM32F1xx_HAL_Driver/Src/stm32f1xx_hal_cortex.o
 .comment       0x0000000000000043       0x44 ./Drivers/STM32F1xx_HAL_Driver/Src/stm32f1xx_hal_dma.o
 .comment       0x0000000000000043       0x44 ./Drivers/STM32F1xx_HAL_Driver/Src/stm32f1xx_hal_gpio.o
 .comment       0x0000000000000043       0x44 ./Drivers/STM32F1xx_HAL_Driver/Src/stm32f1xx_hal_rcc.o
 .comment       0x0000000000000043       0x44 ./Drivers/STM32F1xx_HAL_Driver/Src/stm32f1xx_hal_tim.o
 .comment       0x0000000000000043       0x44 ./Drivers/STM32F1xx_HAL_Driver/Src/stm32f1xx_hal_tim_ex.o
 .comment       0x0000000000000043       0x44 ./Drivers/STM32F1xx_HAL_Driver/Src/stm32f1xx_hal_uart.o
 .comment       0x0000000000000043       0x44 ./Middlewares/Third_Party/FreeRTOS/Source/CMSIS_RTOS_V2/cmsis_os2.o
 .comment       0x0000000000000043       0x44 ./Middlewares/Third_Party/FreeRTOS/Source/event_groups.o
 .comment       0x0000000000000043       0x44 ./Middlewares/Third_Party/FreeRTOS/Source/list.o
 .comment       0x0000000000000043       0x44 ./Middlewares/Third_Party/FreeRTOS/Source/queue.o
 .comment       0x0000000000000043       0x44 ./Middlewares/Third_Party/FreeRTOS/Source/tasks.o
 .comment       0x0000000000000043       0x44 ./Middlewares/Third_Party/FreeRTOS/Source/timers.o
 .comment       0x0000000000000043       0x44 ./Middlewares/Third_Party/FreeRTOS/Source/portable/GCC/ARM_CM3/port.o
 .comment       0x0000000000000043       0x44 ./Middlewares/Third_Party/FreeRTOS/Source/portable/MemMang/heap_4.o

.debug_info     0x0000000000000000    0x19ed1
 .debug_info    0x0000000000000000      0x390 ./Core/Src/Driving.o
 .debug_info    0x0000000000000390      0x805 ./Core/Src/Motor.o
 .debug_info    0x0000000000000b95      0x4d9 ./Core/Src/Park.o
 .debug_info    0x000000000000106e      0x311 ./Core/Src/Search.o
 .debug_info    0x000000000000137f      0x2e1 ./Core/Src/SharedVar.o
 .debug_info    0x0000000000001660      0x5f6 ./Core/Src/Uart.o
 .debug_info    0x0000000000001c56      0xb4a ./Core/Src/Ultra_Sonic.o
 .debug_info    0x00000000000027a0     0x15b5 ./Core/Src/main.o
 .debug_info    0x0000000000003d55      0xe4f ./Core/Src/stm32f1xx_hal_msp.o
 .debug_info    0x0000000000004ba4      0x98a ./Core/Src/stm32f1xx_it.o
 .debug_info    0x000000000000552e      0x222 ./Core/Src/system_stm32f1xx.o
 .debug_info    0x0000000000005750       0x23 ./Core/Startup/startup_stm32f103c8tx.o
 .debug_info    0x0000000000005773      0x704 ./Drivers/STM32F1xx_HAL_Driver/Src/stm32f1xx_hal.o
 .debug_info    0x0000000000005e77      0xa87 ./Drivers/STM32F1xx_HAL_Driver/Src/stm32f1xx_hal_cortex.o
 .debug_info    0x00000000000068fe      0x6d2 ./Drivers/STM32F1xx_HAL_Driver/Src/stm32f1xx_hal_dma.o
 .debug_info    0x0000000000006fd0      0x5ab ./Drivers/STM32F1xx_HAL_Driver/Src/stm32f1xx_hal_gpio.o
 .debug_info    0x000000000000757b      0x7d5 ./Drivers/STM32F1xx_HAL_Driver/Src/stm32f1xx_hal_rcc.o
 .debug_info    0x0000000000007d50     0x293b ./Drivers/STM32F1xx_HAL_Driver/Src/stm32f1xx_hal_tim.o
 .debug_info    0x000000000000a68b     0x149b ./Drivers/STM32F1xx_HAL_Driver/Src/stm32f1xx_hal_tim_ex.o
 .debug_info    0x000000000000bb26     0x2fa8 ./Drivers/STM32F1xx_HAL_Driver/Src/stm32f1xx_hal_uart.o
 .debug_info    0x000000000000eace     0x4058 ./Middlewares/Third_Party/FreeRTOS/Source/CMSIS_RTOS_V2/cmsis_os2.o
 .debug_info    0x0000000000012b26      0xbb8 ./Middlewares/Third_Party/FreeRTOS/Source/event_groups.o
 .debug_info    0x00000000000136de      0x2aa ./Middlewares/Third_Party/FreeRTOS/Source/list.o
 .debug_info    0x0000000000013988     0x1abf ./Middlewares/Third_Party/FreeRTOS/Source/queue.o
 .debug_info    0x0000000000015447     0x27b7 ./Middlewares/Third_Party/FreeRTOS/Source/tasks.o
 .debug_info    0x0000000000017bfe     0x1a7c ./Middlewares/Third_Party/FreeRTOS/Source/timers.o
 .debug_info    0x000000000001967a      0x494 ./Middlewares/Third_Party/FreeRTOS/Source/portable/GCC/ARM_CM3/port.o
 .debug_info    0x0000000000019b0e      0x3c3 ./Middlewares/Third_Party/FreeRTOS/Source/portable/MemMang/heap_4.o

.debug_abbrev   0x0000000000000000     0x3f09
 .debug_abbrev  0x0000000000000000      0x190 ./Core/Src/Driving.o
 .debug_abbrev  0x0000000000000190      0x1b3 ./Core/Src/Motor.o
 .debug_abbrev  0x0000000000000343      0x157 ./Core/Src/Park.o
 .debug_abbrev  0x000000000000049a      0x15d ./Core/Src/Search.o
 .debug_abbrev  0x00000000000005f7      0x13b ./Core/Src/SharedVar.o
 .debug_abbrev  0x0000000000000732      0x188 ./Core/Src/Uart.o
 .debug_abbrev  0x00000000000008ba      0x263 ./Core/Src/Ultra_Sonic.o
 .debug_abbrev  0x0000000000000b1d      0x33c ./Core/Src/main.o
 .debug_abbrev  0x0000000000000e59      0x21e ./Core/Src/stm32f1xx_hal_msp.o
 .debug_abbrev  0x0000000000001077      0x1c3 ./Core/Src/stm32f1xx_it.o
 .debug_abbrev  0x000000000000123a      0x13f ./Core/Src/system_stm32f1xx.o
 .debug_abbrev  0x0000000000001379       0x12 ./Core/Startup/startup_stm32f103c8tx.o
 .debug_abbrev  0x000000000000138b      0x201 ./Drivers/STM32F1xx_HAL_Driver/Src/stm32f1xx_hal.o
 .debug_abbrev  0x000000000000158c      0x2f8 ./Drivers/STM32F1xx_HAL_Driver/Src/stm32f1xx_hal_cortex.o
 .debug_abbrev  0x0000000000001884      0x20b ./Drivers/STM32F1xx_HAL_Driver/Src/stm32f1xx_hal_dma.o
 .debug_abbrev  0x0000000000001a8f      0x1ca ./Drivers/STM32F1xx_HAL_Driver/Src/stm32f1xx_hal_gpio.o
 .debug_abbrev  0x0000000000001c59      0x2b3 ./Drivers/STM32F1xx_HAL_Driver/Src/stm32f1xx_hal_rcc.o
 .debug_abbrev  0x0000000000001f0c      0x277 ./Drivers/STM32F1xx_HAL_Driver/Src/stm32f1xx_hal_tim.o
 .debug_abbrev  0x0000000000002183      0x282 ./Drivers/STM32F1xx_HAL_Driver/Src/stm32f1xx_hal_tim_ex.o
 .debug_abbrev  0x0000000000002405      0x2f8 ./Drivers/STM32F1xx_HAL_Driver/Src/stm32f1xx_hal_uart.o
 .debug_abbrev  0x00000000000026fd      0x465 ./Middlewares/Third_Party/FreeRTOS/Source/CMSIS_RTOS_V2/cmsis_os2.o
 .debug_abbrev  0x0000000000002b62      0x322 ./Middlewares/Third_Party/FreeRTOS/Source/event_groups.o
 .debug_abbrev  0x0000000000002e84       0xf5 ./Middlewares/Third_Party/FreeRTOS/Source/list.o
 .debug_abbrev  0x0000000000002f79      0x3ce ./Middlewares/Third_Party/FreeRTOS/Source/queue.o
 .debug_abbrev  0x0000000000003347      0x3fe ./Middlewares/Third_Party/FreeRTOS/Source/tasks.o
 .debug_abbrev  0x0000000000003745      0x367 ./Middlewares/Third_Party/FreeRTOS/Source/timers.o
 .debug_abbrev  0x0000000000003aac      0x258 ./Middlewares/Third_Party/FreeRTOS/Source/portable/GCC/ARM_CM3/port.o
 .debug_abbrev  0x0000000000003d04      0x205 ./Middlewares/Third_Party/FreeRTOS/Source/portable/MemMang/heap_4.o

.debug_aranges  0x0000000000000000     0x1650
 .debug_aranges
                0x0000000000000000       0x38 ./Core/Src/Driving.o
 .debug_aranges
                0x0000000000000038       0x50 ./Core/Src/Motor.o
 .debug_aranges
                0x0000000000000088       0x78 ./Core/Src/Park.o
 .debug_aranges
                0x0000000000000100       0x38 ./Core/Src/Search.o
 .debug_aranges
                0x0000000000000138       0x60 ./Core/Src/SharedVar.o
 .debug_aranges
                0x0000000000000198       0x28 ./Core/Src/Uart.o
 .debug_aranges
                0x00000000000001c0       0x90 ./Core/Src/Ultra_Sonic.o
 .debug_aranges
                0x0000000000000250       0x80 ./Core/Src/main.o
 .debug_aranges
                0x00000000000002d0       0x48 ./Core/Src/stm32f1xx_hal_msp.o
 .debug_aranges
                0x0000000000000318       0x70 ./Core/Src/stm32f1xx_it.o
 .debug_aranges
                0x0000000000000388       0x28 ./Core/Src/system_stm32f1xx.o
 .debug_aranges
                0x00000000000003b0       0x28 ./Core/Startup/startup_stm32f103c8tx.o
 .debug_aranges
                0x00000000000003d8       0xe0 ./Drivers/STM32F1xx_HAL_Driver/Src/stm32f1xx_hal.o
 .debug_aranges
                0x00000000000004b8      0x100 ./Drivers/STM32F1xx_HAL_Driver/Src/stm32f1xx_hal_cortex.o
 .debug_aranges
                0x00000000000005b8       0x80 ./Drivers/STM32F1xx_HAL_Driver/Src/stm32f1xx_hal_dma.o
 .debug_aranges
                0x0000000000000638       0x58 ./Drivers/STM32F1xx_HAL_Driver/Src/stm32f1xx_hal_gpio.o
 .debug_aranges
                0x0000000000000690       0x90 ./Drivers/STM32F1xx_HAL_Driver/Src/stm32f1xx_hal_rcc.o
 .debug_aranges
                0x0000000000000720      0x3d0 ./Drivers/STM32F1xx_HAL_Driver/Src/stm32f1xx_hal_tim.o
 .debug_aranges
                0x0000000000000af0      0x168 ./Drivers/STM32F1xx_HAL_Driver/Src/stm32f1xx_hal_tim_ex.o
 .debug_aranges
                0x0000000000000c58      0x208 ./Drivers/STM32F1xx_HAL_Driver/Src/stm32f1xx_hal_uart.o
 .debug_aranges
                0x0000000000000e60      0x228 ./Middlewares/Third_Party/FreeRTOS/Source/CMSIS_RTOS_V2/cmsis_os2.o
 .debug_aranges
                0x0000000000001088       0x90 ./Middlewares/Third_Party/FreeRTOS/Source/event_groups.o
 .debug_aranges
                0x0000000000001118       0x40 ./Middlewares/Third_Party/FreeRTOS/Source/list.o
 .debug_aranges
                0x0000000000001158      0x158 ./Middlewares/Third_Party/FreeRTOS/Source/queue.o
 .debug_aranges
                0x00000000000012b0      0x1f8 ./Middlewares/Third_Party/FreeRTOS/Source/tasks.o
 .debug_aranges
                0x00000000000014a8       0xe0 ./Middlewares/Third_Party/FreeRTOS/Source/timers.o
 .debug_aranges
                0x0000000000001588       0x78 ./Middlewares/Third_Party/FreeRTOS/Source/portable/GCC/ARM_CM3/port.o
 .debug_aranges
                0x0000000000001600       0x50 ./Middlewares/Third_Party/FreeRTOS/Source/portable/MemMang/heap_4.o

.debug_rnglists
                0x0000000000000000     0x1149
 .debug_rnglists
                0x0000000000000000       0x27 ./Core/Src/Driving.o
 .debug_rnglists
                0x0000000000000027       0x37 ./Core/Src/Motor.o
 .debug_rnglists
                0x000000000000005e       0x5a ./Core/Src/Park.o
 .debug_rnglists
                0x00000000000000b8       0x27 ./Core/Src/Search.o
 .debug_rnglists
                0x00000000000000df       0x43 ./Core/Src/SharedVar.o
 .debug_rnglists
                0x0000000000000122       0x19 ./Core/Src/Uart.o
 .debug_rnglists
                0x000000000000013b       0x6b ./Core/Src/Ultra_Sonic.o
 .debug_rnglists
                0x00000000000001a6       0x63 ./Core/Src/main.o
 .debug_rnglists
                0x0000000000000209       0x34 ./Core/Src/stm32f1xx_hal_msp.o
 .debug_rnglists
                0x000000000000023d       0x4f ./Core/Src/stm32f1xx_it.o
 .debug_rnglists
                0x000000000000028c       0x1a ./Core/Src/system_stm32f1xx.o
 .debug_rnglists