../Core/Src/main.c:129:5:main	8	static
../Core/Src/main.c:222:6:SystemClock_Config	72	static
../Core/Src/main.c:261:13:MX_TIM1_Init	32	static
../Core/Src/main.c:307:13:MX_TIM2_Init	48	static
../Core/Src/main.c:377:13:MX_TIM3_Init	48	static
../Core/Src/main.c:439:13:MX_TIM4_Init	64	static
../Core/Src/main.c:498:13:MX_USART2_UART_Init	8	static
../Core/Src/main.c:531:13:MX_GPIO_Init	32	static
../Core/Src/main.c:585:6:HAL_UART_RxCpltCallback	16	static
../Core/Src/main.c:639:6:Start_Driving_Task_Int	16	static
../Core/Src/main.c:670:6:Start_Searching_Task_Int	16	static
../Core/Src/main.c:710:6:Start_Parking_Task_Int	16	static
../Core/Src/main.c:739:6:Error_Handler	4	static,ignoring_inline_asm
