../Core/Src/Ultra_Sonic.c:41:6:Ultra_sonic_INT	16	static
../Core/Src/Ultra_Sonic.c:83:13:Trigger_pin	24	static
../Core/Src/Ultra_Sonic.c:94:13:set_flag_arr	4	static
../Core/Src/Ultra_Sonic.c:99:6:Ultrasonic_RightSideSearch	8	static
../Core/Src/Ultra_Sonic.c:105:6:Ultrasonic_RightSidePark	8	static
../Core/Src/Ultra_Sonic.c:111:6:Ultrasonic_LeftSideSearch	8	static
../Core/Src/Ultra_Sonic.c:117:6:Ultrasonic_LeftSidePark	8	static
../Core/Src/Ultra_Sonic.c:123:6:stop_reading	8	static
../Core/Src/Ultra_Sonic.c:130:6:HAL_TIM_PeriodElapsedCallback	16	static
../Core/Src/Ultra_Sonic.c:162:6:HAL_TIM_IC_CaptureCallback	16	static
../Core/Src/Ultra_Sonic.c:187:12:cal_reading	24	static
../Core/Src/Ultra_Sonic.c:198:13:Update_Sensor_Reading	32	static
../Core/Src/Ultra_Sonic.c:216:6:Enable_Timer	4	static
../Core/Src/Ultra_Sonic.c:222:6:Disable_Timer	4	static
../Core/Src/Ultra_Sonic.c:228:5:Get_time	16	static
